Component: ARM Compiler 5.06 update 7 (build 960) Tool: armlink [4d3601]

==============================================================================

Section Cross References

    startup_hc32f4a0.o(STACK) refers (Special) to heapauxi.o(.text) for __use_two_region_memory
    startup_hc32f4a0.o(HEAP) refers (Special) to heapauxi.o(.text) for __use_two_region_memory
    startup_hc32f4a0.o(RESET) refers (Special) to heapauxi.o(.text) for __use_two_region_memory
    startup_hc32f4a0.o(RESET) refers to startup_hc32f4a0.o(STACK) for __initial_sp
    startup_hc32f4a0.o(RESET) refers to startup_hc32f4a0.o(.text) for Reset_Handler
    startup_hc32f4a0.o(RESET) refers to port.o(.emb_text) for SVC_Handler
    startup_hc32f4a0.o(RESET) refers to port.o(i.SysTick_Handler) for SysTick_Handler
    startup_hc32f4a0.o(RESET) refers to hc32_ll_interrupts.o(i.IRQ000_Handler) for IRQ000_Handler
    startup_hc32f4a0.o(RESET) refers to hc32_ll_interrupts.o(i.IRQ001_Handler) for IRQ001_Handler
    startup_hc32f4a0.o(RESET) refers to hc32_ll_interrupts.o(i.IRQ002_Handler) for IRQ002_Handler
    startup_hc32f4a0.o(RESET) refers to hc32_ll_interrupts.o(i.IRQ003_Handler) for IRQ003_Handler
    startup_hc32f4a0.o(RESET) refers to hc32_ll_interrupts.o(i.IRQ004_Handler) for IRQ004_Handler
    startup_hc32f4a0.o(RESET) refers to hc32_ll_interrupts.o(i.IRQ005_Handler) for IRQ005_Handler
    startup_hc32f4a0.o(RESET) refers to hc32_ll_interrupts.o(i.IRQ006_Handler) for IRQ006_Handler
    startup_hc32f4a0.o(RESET) refers to hc32_ll_interrupts.o(i.IRQ007_Handler) for IRQ007_Handler
    startup_hc32f4a0.o(RESET) refers to hc32_ll_interrupts.o(i.IRQ008_Handler) for IRQ008_Handler
    startup_hc32f4a0.o(RESET) refers to hc32_ll_interrupts.o(i.IRQ009_Handler) for IRQ009_Handler
    startup_hc32f4a0.o(RESET) refers to hc32_ll_interrupts.o(i.IRQ010_Handler) for IRQ010_Handler
    startup_hc32f4a0.o(RESET) refers to hc32_ll_interrupts.o(i.IRQ011_Handler) for IRQ011_Handler
    startup_hc32f4a0.o(RESET) refers to hc32_ll_interrupts.o(i.IRQ012_Handler) for IRQ012_Handler
    startup_hc32f4a0.o(RESET) refers to hc32_ll_interrupts.o(i.IRQ013_Handler) for IRQ013_Handler
    startup_hc32f4a0.o(RESET) refers to hc32_ll_interrupts.o(i.IRQ014_Handler) for IRQ014_Handler
    startup_hc32f4a0.o(RESET) refers to hc32_ll_interrupts.o(i.IRQ015_Handler) for IRQ015_Handler
    startup_hc32f4a0.o(RESET) refers to hc32_ll_interrupts.o(i.IRQ016_Handler) for IRQ016_Handler
    startup_hc32f4a0.o(RESET) refers to hc32_ll_interrupts.o(i.IRQ017_Handler) for IRQ017_Handler
    startup_hc32f4a0.o(RESET) refers to hc32_ll_interrupts.o(i.IRQ018_Handler) for IRQ018_Handler
    startup_hc32f4a0.o(RESET) refers to hc32_ll_interrupts.o(i.IRQ019_Handler) for IRQ019_Handler
    startup_hc32f4a0.o(RESET) refers to hc32_ll_interrupts.o(i.IRQ020_Handler) for IRQ020_Handler
    startup_hc32f4a0.o(RESET) refers to hc32_ll_interrupts.o(i.IRQ021_Handler) for IRQ021_Handler
    startup_hc32f4a0.o(RESET) refers to hc32_ll_interrupts.o(i.IRQ022_Handler) for IRQ022_Handler
    startup_hc32f4a0.o(RESET) refers to hc32_ll_interrupts.o(i.IRQ023_Handler) for IRQ023_Handler
    startup_hc32f4a0.o(RESET) refers to hc32_ll_interrupts.o(i.IRQ024_Handler) for IRQ024_Handler
    startup_hc32f4a0.o(RESET) refers to hc32_ll_interrupts.o(i.IRQ025_Handler) for IRQ025_Handler
    startup_hc32f4a0.o(RESET) refers to hc32_ll_interrupts.o(i.IRQ026_Handler) for IRQ026_Handler
    startup_hc32f4a0.o(RESET) refers to hc32_ll_interrupts.o(i.IRQ027_Handler) for IRQ027_Handler
    startup_hc32f4a0.o(RESET) refers to hc32_ll_interrupts.o(i.IRQ028_Handler) for IRQ028_Handler
    startup_hc32f4a0.o(RESET) refers to hc32_ll_interrupts.o(i.IRQ029_Handler) for IRQ029_Handler
    startup_hc32f4a0.o(RESET) refers to hc32_ll_interrupts.o(i.IRQ030_Handler) for IRQ030_Handler
    startup_hc32f4a0.o(RESET) refers to hc32_ll_interrupts.o(i.IRQ031_Handler) for IRQ031_Handler
    startup_hc32f4a0.o(RESET) refers to hc32_ll_interrupts.o(i.IRQ032_Handler) for IRQ032_Handler
    startup_hc32f4a0.o(RESET) refers to hc32_ll_interrupts.o(i.IRQ033_Handler) for IRQ033_Handler
    startup_hc32f4a0.o(RESET) refers to hc32_ll_interrupts.o(i.IRQ034_Handler) for IRQ034_Handler
    startup_hc32f4a0.o(RESET) refers to hc32_ll_interrupts.o(i.IRQ035_Handler) for IRQ035_Handler
    startup_hc32f4a0.o(RESET) refers to hc32_ll_interrupts.o(i.IRQ036_Handler) for IRQ036_Handler
    startup_hc32f4a0.o(RESET) refers to hc32_ll_interrupts.o(i.IRQ037_Handler) for IRQ037_Handler
    startup_hc32f4a0.o(RESET) refers to hc32_ll_interrupts.o(i.IRQ038_Handler) for IRQ038_Handler
    startup_hc32f4a0.o(RESET) refers to hc32_ll_interrupts.o(i.IRQ039_Handler) for IRQ039_Handler
    startup_hc32f4a0.o(RESET) refers to hc32_ll_interrupts.o(i.IRQ040_Handler) for IRQ040_Handler
    startup_hc32f4a0.o(RESET) refers to hc32_ll_interrupts.o(i.IRQ041_Handler) for IRQ041_Handler
[...]
    __rt_lib_init_lc_time_1                  0x0000031b   Thumb Code     0  libinit2.o(.ARM.Collect$$libinit$$00000019)
    __rt_lib_init_preinit_1                  0x0000031b   Thumb Code     0  libinit2.o(.ARM.Collect$$libinit$$00000004)
    __rt_lib_init_rand_1                     0x0000031b   Thumb Code     0  libinit2.o(.ARM.Collect$$libinit$$0000000E)
    __rt_lib_init_return                     0x0000031b   Thumb Code     0  libinit2.o(.ARM.Collect$$libinit$$00000033)
    __rt_lib_init_signal_1                   0x0000031b   Thumb Code     0  libinit2.o(.ARM.Collect$$libinit$$0000001D)
    __rt_lib_init_stdio_1                    0x0000031b   Thumb Code     0  libinit2.o(.ARM.Collect$$libinit$$00000025)
    __rt_lib_init_user_alloc_1               0x0000031b   Thumb Code     0  libinit2.o(.ARM.Collect$$libinit$$0000000C)
    __rt_lib_shutdown                        0x0000031d   Thumb Code     0  libshutdown.o(.ARM.Collect$$libshutdown$$00000000)
    __rt_lib_shutdown_cpp_1                  0x0000031f   Thumb Code     0  libshutdown2.o(.ARM.Collect$$libshutdown$$00000004)
    __rt_lib_shutdown_fini_1                 0x0000031f   Thumb Code     0  libshutdown2.o(.ARM.Collect$$libshutdown$$00000002)
    __rt_lib_shutdown_fp_trap_1              0x0000031f   Thumb Code     0  libshutdown2.o(.ARM.Collect$$libshutdown$$00000009)
    __rt_lib_shutdown_heap_1                 0x0000031f   Thumb Code     0  libshutdown2.o(.ARM.Collect$$libshutdown$$00000011)
    __rt_lib_shutdown_return                 0x0000031f   Thumb Code     0  libshutdown2.o(.ARM.Collect$$libshutdown$$00000012)
    __rt_lib_shutdown_signal_1               0x0000031f   Thumb Code     0  libshutdown2.o(.ARM.Collect$$libshutdown$$0000000C)
    __rt_lib_shutdown_stdio_1                0x0000031f   Thumb Code     0  libshutdown2.o(.ARM.Collect$$libshutdown$$00000006)
    __rt_lib_shutdown_user_alloc_1           0x0000031f   Thumb Code     0  libshutdown2.o(.ARM.Collect$$libshutdown$$0000000E)
    __rt_entry                               0x00000321   Thumb Code     0  __rtentry.o(.ARM.Collect$$rtentry$$00000000)
    __rt_entry_presh_1                       0x00000321   Thumb Code     0  __rtentry2.o(.ARM.Collect$$rtentry$$00000002)
    __rt_entry_sh                            0x00000321   Thumb Code     0  __rtentry4.o(.ARM.Collect$$rtentry$$00000004)
    __rt_entry_li                            0x00000327   Thumb Code     0  __rtentry2.o(.ARM.Collect$$rtentry$$0000000A)
    __rt_entry_postsh_1                      0x00000327   Thumb Code     0  __rtentry2.o(.ARM.Collect$$rtentry$$00000009)
    __rt_entry_main                          0x0000032b   Thumb Code     0  __rtentry2.o(.ARM.Collect$$rtentry$$0000000D)
    __rt_entry_postli_1                      0x0000032b   Thumb Code     0  __rtentry2.o(.ARM.Collect$$rtentry$$0000000C)
    __rt_exit                                0x00000333   Thumb Code     0  rtexit.o(.ARM.Collect$$rtexit$$00000000)
    __rt_exit_ls                             0x00000335   Thumb Code     0  rtexit2.o(.ARM.Collect$$rtexit$$00000003)
    __rt_exit_prels_1                        0x00000335   Thumb Code     0  rtexit2.o(.ARM.Collect$$rtexit$$00000002)
    __rt_exit_exit                           0x00000339   Thumb Code     0  rtexit2.o(.ARM.Collect$$rtexit$$00000004)
    SVC_Handler                              0x00000341   Thumb Code    28  port.o(.emb_text)
    __asm___6_port_c_39a90d8d__prvStartFirstTask 0x00000361   Thumb Code    36  port.o(.emb_text)
    __asm___6_port_c_39a90d8d__prvEnableVFP  0x00000389   Thumb Code    16  port.o(.emb_text)
    PendSV_Handler                           0x0000039d   Thumb Code    88  port.o(.emb_text)
    vPortGetIPSR                             0x000003f9   Thumb Code     6  port.o(.emb_text)
    __use_no_semihosting                     0x000003ff   Thumb Code     2  use_no_semi_2.o(.text)
    u32ICGValue                              0x00000400   Data          96  hc32_ll_icg.o(.ARM.__AT_0x00000400)
    Reset_Handler                            0x00000461   Thumb Code     8  startup_hc32f4a0.o(.text)
    NMI_Handler                              0x00000469   Thumb Code     2  startup_hc32f4a0.o(.text)
    HardFault_Handler                        0x0000046b   Thumb Code     2  startup_hc32f4a0.o(.text)
    MemManage_Handler                        0x0000046d   Thumb Code     2  startup_hc32f4a0.o(.text)
    BusFault_Handler                         0x0000046f   Thumb Code     2  startup_hc32f4a0.o(.text)
    UsageFault_Handler                       0x00000471   Thumb Code     2  startup_hc32f4a0.o(.text)
    DebugMon_Handler                         0x00000475   Thumb Code     2  startup_hc32f4a0.o(.text)
    IRQ128_Handler                           0x0000047b   Thumb Code     0  startup_hc32f4a0.o(.text)
    IRQ129_Handler                           0x0000047b   Thumb Code     0  startup_hc32f4a0.o(.text)
    IRQ130_Handler                           0x0000047b   Thumb Code     0  startup_hc32f4a0.o(.text)
    IRQ131_Handler                           0x0000047b   Thumb Code     0  startup_hc32f4a0.o(.text)
    IRQ132_Handler                           0x0000047b   Thumb Code     0  startup_hc32f4a0.o(.text)
    IRQ133_Handler                           0x0000047b   Thumb Code     0  startup_hc32f4a0.o(.text)
    IRQ134_Handler                           0x0000047b   Thumb Code     0  startup_hc32f4a0.o(.text)
    IRQ135_Handler                           0x0000047b   Thumb Code     0  startup_hc32f4a0.o(.text)
    IRQ136_Handler                           0x0000047b   Thumb Code     0  startup_hc32f4a0.o(.text)
    IRQ137_Handler                           0x0000047b   Thumb Code     0  startup_hc32f4a0.o(.text)
    IRQ138_Handler                           0x0000047b   Thumb Code     0  startup_hc32f4a0.o(.text)
    IRQ139_Handler                           0x0000047b   Thumb Code     0  startup_hc32f4a0.o(.text)
    IRQ140_Handler                           0x0000047b   Thumb Code     0  startup_hc32f4a0.o(.text)
    IRQ141_Handler                           0x0000047b   Thumb Code     0  startup_hc32f4a0.o(.text)
    IRQ142_Handler                           0x0000047b   Thumb Code     0  startup_hc32f4a0.o(.text)
    IRQ143_Handler                           0x0000047b   Thumb Code     0  startup_hc32f4a0.o(.text)
    __user_initial_stackheap                 0x0000047d   Thumb Code     0  startup_hc32f4a0.o(.text)
    __aeabi_uldivmod                         0x000004a1   Thumb Code     0  lludivv7m.o(.text)
    _ll_udiv                                 0x000004a1   Thumb Code   238  lludivv7m.o(.text)
    strlen                                   0x0000058f   Thumb Code    62  strlen.o(.text)
    __aeabi_memcpy                           0x000005cd   Thumb Code     0  rt_memcpy_v6.o(.text)
    __rt_memcpy                              0x000005cd   Thumb Code   138  rt_memcpy_v6.o(.text)
    _memcpy_lastbytes                        0x00000633   Thumb Code     0  rt_memcpy_v6.o(.text)
    __aeabi_memset                           0x00000657   Thumb Code    16  aeabi_memset.o(.text)
    __aeabi_memclr                           0x00000667   Thumb Code     0  rt_memclr.o(.text)
    __rt_memclr                              0x00000667   Thumb Code    68  rt_memclr.o(.text)
    _memset                                  0x0000066b   Thumb Code     0  rt_memclr.o(.text)
    __aeabi_memclr4                          0x000006ab   Thumb Code     0  rt_memclr_w.o(.text)
    __aeabi_memclr8                          0x000006ab   Thumb Code     0  rt_memclr_w.o(.text)
    __rt_memclr_w                            0x000006ab   Thumb Code    78  rt_memclr_w.o(.text)
    _memset_w                                0x000006af   Thumb Code     0  rt_memclr_w.o(.text)
    __use_two_region_memory                  0x000006f9   Thumb Code     2  heapauxi.o(.text)
    __rt_heap_escrow                         0x000006fb   Thumb Code     2  heapauxi.o(.text)
    __rt_heap_expand                         0x000006fd   Thumb Code     2  heapauxi.o(.text)
    __I$use$semihosting                      0x000006ff   Thumb Code     0  use_no_semi.o(.text)
    __use_no_semihosting_swi                 0x000006ff   Thumb Code     2  use_no_semi.o(.text)
    __aeabi_memcpy4                          0x00000701   Thumb Code     0  rt_memcpy_w.o(.text)
    __aeabi_memcpy8                          0x00000701   Thumb Code     0  rt_memcpy_w.o(.text)
    __rt_memcpy_w                            0x00000701   Thumb Code   100  rt_memcpy_w.o(.text)
    _memcpy_lastbytes_aligned                0x00000749   Thumb Code     0  rt_memcpy_w.o(.text)
    __user_libspace                          0x00000765   Thumb Code     8  libspace.o(.text)
    __user_perproc_libspace                  0x00000765   Thumb Code     0  libspace.o(.text)
    __user_perthread_libspace                0x00000765   Thumb Code     0  libspace.o(.text)
    __user_setup_stackheap                   0x0000076d   Thumb Code    74  sys_stackheap_outer.o(.text)
    exit                                     0x000007b7   Thumb Code    18  exit.o(.text)
    main                                     0x000007c9   Thumb Code    14  system_hc32f4a0.o(i.$Sub$$main)
    AOS_SetTriggerEventSrc                   0x000007d9   Thumb Code   298  hc32_ll_aos.o(i.AOS_SetTriggerEventSrc)
    BSP_TMR0_Config_For_UsartTimeOut         0x00000a8d   Thumb Code   124  bsp_timer0.o(i.BSP_TMR0_Config_For_UsartTimeOut)
    BSP_Usart_Init                           0x00000b19   Thumb Code    48  bsp_uart.o(i.BSP_Usart_Init)
    CLK_GetStableStatus                      0x00000b71   Thumb Code    46  hc32_ll_clk.o(i.CLK_GetStableStatus)
    CLK_PLLCmd                               0x00000bc5   Thumb Code   146  hc32_ll_clk.o(i.CLK_PLLCmd)
    CLK_PLLInit                              0x00000c81   Thumb Code   594  hc32_ll_clk.o(i.CLK_PLLInit)
    CLK_PLLStructInit                        0x00000f15   Thumb Code    84  hc32_ll_clk.o(i.CLK_PLLStructInit)
    CLK_SetClockDiv                          0x00000f69   Thumb Code    20  hc32_ll_clk.o(i.CLK_SetClockDiv)
    CLK_SetSysClockSrc                       0x00000f7d   Thumb Code    16  hc32_ll_clk.o(i.CLK_SetSysClockSrc)
    CLK_Xtal32Cmd                            0x00000fbd   Thumb Code    98  hc32_ll_clk.o(i.CLK_Xtal32Cmd)
    CLK_Xtal32Init                           0x0000104d   Thumb Code   162  hc32_ll_clk.o(i.CLK_Xtal32Init)
    CLK_Xtal32StructInit                     0x00001119   Thumb Code    20  hc32_ll_clk.o(i.CLK_Xtal32StructInit)
    CLK_XtalCmd                              0x0000112d   Thumb Code   144  hc32_ll_clk.o(i.CLK_XtalCmd)
    CLK_XtalInit                             0x000011e5   Thumb Code   244  hc32_ll_clk.o(i.CLK_XtalInit)
    CLK_XtalStructInit                       0x00001305   Thumb Code    26  hc32_ll_clk.o(i.CLK_XtalStructInit)
    DDL_AssertHandler                        0x00001661   Thumb Code     4  hc32_ll_utility.o(i.DDL_AssertHandler)
    DDL_DelayMS                              0x00001665   Thumb Code    50  hc32_ll_utility.o(i.DDL_DelayMS)
    DMA_ChCmd                                0x00001699   Thumb Code   104  hc32_ll_dma.o(i.DMA_ChCmd)
    DMA_ClearTransCompleteStatus             0x00001729   Thumb Code    70  hc32_ll_dma.o(i.DMA_ClearTransCompleteStatus)
    DMA_Cmd                                  0x00001799   Thumb Code    56  hc32_ll_dma.o(i.DMA_Cmd)
    DMA_Config_For_Uart                      0x000017f9   Thumb Code   954  bsp_dma.o(i.DMA_Config_For_Uart)
    DMA_ErrIntCmd                            0x00001bfd   Thumb Code    98  hc32_ll_dma.o(i.DMA_ErrIntCmd)
    DMA_Init                                 0x00001c89   Thumb Code   310  hc32_ll_dma.o(i.DMA_Init)
    DMA_MxChCmd                              0x00001de9   Thumb Code    96  hc32_ll_dma.o(i.DMA_MxChCmd)
    DMA_Reload_Dest_For_Uart                 0x00001e71   Thumb Code    52  bsp_dma.o(i.DMA_Reload_Dest_For_Uart)
    DMA_Reload_Src_For_Uart                  0x00001ea5   Thumb Code    20  bsp_dma.o(i.DMA_Reload_Src_For_Uart)
    DMA_SetDestAddr                          0x00001eb9   Thumb Code    70  hc32_ll_dma.o(i.DMA_SetDestAddr)
    DMA_SetSrcAddr                           0x00001f29   Thumb Code    70  hc32_ll_dma.o(i.DMA_SetSrcAddr)
    DMA_SetTransCount                        0x00001f99   Thumb Code    80  hc32_ll_dma.o(i.DMA_SetTransCount)
    DMA_StructInit                           0x00002011   Thumb Code    34  hc32_ll_dma.o(i.DMA_StructInit)
    DMA_TransCompleteIntCmd                  0x00002035   Thumb Code   104  hc32_ll_dma.o(i.DMA_TransCompleteIntCmd)
    EFM_SetWaitCycle                         0x000020c5   Thumb Code   102  hc32_ll_efm.o(i.EFM_SetWaitCycle)
    FCG_Fcg0PeriphClockCmd                   0x00002151   Thumb Code   104  hc32_ll_fcg.o(i.FCG_Fcg0PeriphClockCmd)
    FCG_Fcg2PeriphClockCmd                   0x000021e1   Thumb Code    82  hc32_ll_fcg.o(i.FCG_Fcg2PeriphClockCmd)
    FCG_Fcg3PeriphClockCmd                   0x00002259   Thumb Code    80  hc32_ll_fcg.o(i.FCG_Fcg3PeriphClockCmd)
    GPIO_Init                                0x000022d1   Thumb Code   508  hc32_ll_gpio.o(i.GPIO_Init)
    GPIO_ReadInputPins                       0x000024f1   Thumb Code   100  hc32_ll_gpio.o(i.GPIO_ReadInputPins)
    GPIO_ResetPins                           0x00002579   Thumb Code    94  hc32_ll_gpio.o(i.GPIO_ResetPins)
    GPIO_SetFunc                             0x000025fd   Thumb Code   176  hc32_ll_gpio.o(i.GPIO_SetFunc)
    GPIO_SetPins                             0x000026d1   Thumb Code    94  hc32_ll_gpio.o(i.GPIO_SetPins)
    GPIO_SetReadWaitCycle                    0x00002755   Thumb Code   116  hc32_ll_gpio.o(i.GPIO_SetReadWaitCycle)
    GPIO_TogglePins                          0x000027ed   Thumb Code    94  hc32_ll_gpio.o(i.GPIO_TogglePins)
    INTC_IrqSignIn                           0x000028f5   Thumb Code   168  hc32_ll_interrupts.o(i.INTC_IrqSignIn)
    IRQ000_Handler                           0x000029c9   Thumb Code    10  hc32_ll_interrupts.o(i.IRQ000_Handler)
    IRQ001_Handler                           0x000029d9   Thumb Code    10  hc32_ll_interrupts.o(i.IRQ001_Handler)
    IRQ002_Handler                           0x000029e9   Thumb Code    10  hc32_ll_interrupts.o(i.IRQ002_Handler)
    IRQ003_Handler                           0x000029f9   Thumb Code    10  hc32_ll_interrupts.o(i.IRQ003_Handler)
    IRQ004_Handler                           0x00002a09   Thumb Code    10  hc32_ll_interrupts.o(i.IRQ004_Handler)
    IRQ005_Handler                           0x00002a19   Thumb Code    10  hc32_ll_interrupts.o(i.IRQ005_Handler)
    IRQ006_Handler                           0x00002a29   Thumb Code    10  hc32_ll_interrupts.o(i.IRQ006_Handler)
    IRQ007_Handler                           0x00002a39   Thumb Code    10  hc32_ll_interrupts.o(i.IRQ007_Handler)
    IRQ008_Handler                           0x00002a49   Thumb Code    10  hc32_ll_interrupts.o(i.IRQ008_Handler)
    IRQ009_Handler                           0x00002a59   Thumb Code    10  hc32_ll_interrupts.o(i.IRQ009_Handler)
    IRQ010_Handler                           0x00002a69   Thumb Code    10  hc32_ll_interrupts.o(i.IRQ010_Handler)
    IRQ011_Handler                           0x00002a79   Thumb Code    10  hc32_ll_interrupts.o(i.IRQ011_Handler)
    IRQ012_Handler                           0x00002a89   Thumb Code    10  hc32_ll_interrupts.o(i.IRQ012_Handler)
    IRQ013_Handler                           0x00002a99   Thumb Code    10  hc32_ll_interrupts.o(i.IRQ013_Handler)
    IRQ014_Handler                           0x00002aa9   Thumb Code    10  hc32_ll_interrupts.o(i.IRQ014_Handler)
    IRQ015_Handler                           0x00002ab9   Thumb Code    10  hc32_ll_interrupts.o(i.IRQ015_Handler)
    IRQ016_Handler                           0x00002ac9   Thumb Code    10  hc32_ll_interrupts.o(i.IRQ016_Handler)
    IRQ017_Handler                           0x00002ad9   Thumb Code    10  hc32_ll_interrupts.o(i.IRQ017_Handler)
    IRQ018_Handler                           0x00002ae9   Thumb Code    10  hc32_ll_interrupts.o(i.IRQ018_Handler)
    IRQ019_Handler                           0x00002af9   Thumb Code    10  hc32_ll_interrupts.o(i.IRQ019_Handler)
    IRQ020_Handler                           0x00002b09   Thumb Code    10  hc32_ll_interrupts.o(i.IRQ020_Handler)
    IRQ021_Handler                           0x00002b19   Thumb Code    10  hc32_ll_interrupts.o(i.IRQ021_Handler)
    IRQ022_Handler                           0x00002b29   Thumb Code    10  hc32_ll_interrupts.o(i.IRQ022_Handler)
    IRQ023_Handler                           0x00002b39   Thumb Code    10  hc32_ll_interrupts.o(i.IRQ023_Handler)
    IRQ024_Handler                           0x00002b49   Thumb Code    10  hc32_ll_interrupts.o(i.IRQ024_Handler)
    IRQ025_Handler                           0x00002b59   Thumb Code    10  hc32_ll_interrupts.o(i.IRQ025_Handler)
    IRQ026_Handler                           0x00002b69   Thumb Code    10  hc32_ll_interrupts.o(i.IRQ026_Handler)
    IRQ027_Handler                           0x00002b79   Thumb Code    10  hc32_ll_interrupts.o(i.IRQ027_Handler)
    IRQ028_Handler                           0x00002b89   Thumb Code    10  hc32_ll_interrupts.o(i.IRQ028_Handler)
    IRQ029_Handler                           0x00002b99   Thumb Code    10  hc32_ll_interrupts.o(i.IRQ029_Handler)
    IRQ030_Handler                           0x00002ba9   Thumb Code    10  hc32_ll_interrupts.o(i.IRQ030_Handler)
    IRQ031_Handler                           0x00002bb9   Thumb Code    10  hc32_ll_interrupts.o(i.IRQ031_Handler)
    IRQ032_Handler                           0x00002bc9   Thumb Code    12  hc32_ll_interrupts.o(i.IRQ032_Handler)
    IRQ033_Handler                           0x00002bd9   Thumb Code    12  hc32_ll_interrupts.o(i.IRQ033_Handler)
    IRQ034_Handler                           0x00002be9   Thumb Code    12  hc32_ll_interrupts.o(i.IRQ034_Handler)
    IRQ035_Handler                           0x00002bf9   Thumb Code    12  hc32_ll_interrupts.o(i.IRQ035_Handler)
    IRQ036_Handler                           0x00002c09   Thumb Code    12  hc32_ll_interrupts.o(i.IRQ036_Handler)
    IRQ037_Handler                           0x00002c19   Thumb Code    12  hc32_ll_interrupts.o(i.IRQ037_Handler)
    IRQ038_Handler                           0x00002c29   Thumb Code    12  hc32_ll_interrupts.o(i.IRQ038_Handler)
    IRQ039_Handler                           0x00002c39   Thumb Code    12  hc32_ll_interrupts.o(i.IRQ039_Handler)
    IRQ040_Handler                           0x00002c49   Thumb Code    12  hc32_ll_interrupts.o(i.IRQ040_Handler)
    IRQ041_Handler                           0x00002c59   Thumb Code    12  hc32_ll_interrupts.o(i.IRQ041_Handler)
    IRQ042_Handler                           0x00002c69   Thumb Code    12  hc32_ll_interrupts.o(i.IRQ042_Handler)
    IRQ043_Handler                           0x00002c79   Thumb Code    12  hc32_ll_interrupts.o(i.IRQ043_Handler)
    IRQ044_Handler                           0x00002c89   Thumb Code    12  hc32_ll_interrupts.o(i.IRQ044_Handler)
    IRQ045_Handler                           0x00002c99   Thumb Code    12  hc32_ll_interrupts.o(i.IRQ045_Handler)
    IRQ046_Handler                           0x00002ca9   Thumb Code    12  hc32_ll_interrupts.o(i.IRQ046_Handler)
    IRQ047_Handler                           0x00002cb9   Thumb Code    12  hc32_ll_interrupts.o(i.IRQ047_Handler)
    IRQ048_Handler                           0x00002cc9   Thumb Code    12  hc32_ll_interrupts.o(i.IRQ048_Handler)
    IRQ049_Handler                           0x00002cd9   Thumb Code    12  hc32_ll_interrupts.o(i.IRQ049_Handler)
    IRQ050_Handler                           0x00002ce9   Thumb Code    12  hc32_ll_interrupts.o(i.IRQ050_Handler)
    IRQ051_Handler                           0x00002cf9   Thumb Code    12  hc32_ll_interrupts.o(i.IRQ051_Handler)
    IRQ052_Handler                           0x00002d09   Thumb Code    12  hc32_ll_interrupts.o(i.IRQ052_Handler)
    IRQ053_Handler                           0x00002d19   Thumb Code    12  hc32_ll_interrupts.o(i.IRQ053_Handler)
    IRQ054_Handler                           0x00002d29   Thumb Code    12  hc32_ll_interrupts.o(i.IRQ054_Handler)
    IRQ055_Handler                           0x00002d39   Thumb Code    12  hc32_ll_interrupts.o(i.IRQ055_Handler)
    IRQ056_Handler                           0x00002d49   Thumb Code    12  hc32_ll_interrupts.o(i.IRQ056_Handler)
    IRQ057_Handler                           0x00002d59   Thumb Code    12  hc32_ll_interrupts.o(i.IRQ057_Handler)
    IRQ058_Handler                           0x00002d69   Thumb Code    12  hc32_ll_interrupts.o(i.IRQ058_Handler)
    IRQ059_Handler                           0x00002d79   Thumb Code    12  hc32_ll_interrupts.o(i.IRQ059_Handler)
    IRQ060_Handler                           0x00002d89   Thumb Code    12  hc32_ll_interrupts.o(i.IRQ060_Handler)
    IRQ061_Handler                           0x00002d99   Thumb Code    12  hc32_ll_interrupts.o(i.IRQ061_Handler)
    IRQ062_Handler                           0x00002da9   Thumb Code    12  hc32_ll_interrupts.o(i.IRQ062_Handler)
    IRQ063_Handler                           0x00002db9   Thumb Code    12  hc32_ll_interrupts.o(i.IRQ063_Handler)
    IRQ064_Handler                           0x00002dc9   Thumb Code    12  hc32_ll_interrupts.o(i.IRQ064_Handler)
    IRQ065_Handler                           0x00002dd9   Thumb Code    12  hc32_ll_interrupts.o(i.IRQ065_Handler)
    IRQ066_Handler                           0x00002de9   Thumb Code    12  hc32_ll_interrupts.o(i.IRQ066_Handler)
    IRQ067_Handler                           0x00002df9   Thumb Code    12  hc32_ll_interrupts.o(i.IRQ067_Handler)
    IRQ068_Handler                           0x00002e09   Thumb Code    12  hc32_ll_interrupts.o(i.IRQ068_Handler)
    IRQ069_Handler                           0x00002e19   Thumb Code    12  hc32_ll_interrupts.o(i.IRQ069_Handler)
    IRQ070_Handler                           0x00002e29   Thumb Code    12  hc32_ll_interrupts.o(i.IRQ070_Handler)
    IRQ071_Handler                           0x00002e39   Thumb Code    12  hc32_ll_interrupts.o(i.IRQ071_Handler)
    IRQ072_Handler                           0x00002e49   Thumb Code    12  hc32_ll_interrupts.o(i.IRQ072_Handler)
    IRQ073_Handler                           0x00002e59   Thumb Code    12  hc32_ll_interrupts.o(i.IRQ073_Handler)
    IRQ074_Handler                           0x00002e69   Thumb Code    12  hc32_ll_interrupts.o(i.IRQ074_Handler)
    IRQ075_Handler                           0x00002e79   Thumb Code    12  hc32_ll_interrupts.o(i.IRQ075_Handler)
    IRQ076_Handler                           0x00002e89   Thumb Code    12  hc32_ll_interrupts.o(i.IRQ076_Handler)
    IRQ077_Handler                           0x00002e99   Thumb Code    12  hc32_ll_interrupts.o(i.IRQ077_Handler)
    IRQ078_Handler                           0x00002ea9   Thumb Code    12  hc32_ll_interrupts.o(i.IRQ078_Handler)
    IRQ079_Handler                           0x00002eb9   Thumb Code    12  hc32_ll_interrupts.o(i.IRQ079_Handler)
    IRQ080_Handler                           0x00002ec9   Thumb Code    12  hc32_ll_interrupts.o(i.IRQ080_Handler)
    IRQ081_Handler                           0x00002ed9   Thumb Code    12  hc32_ll_interrupts.o(i.IRQ081_Handler)
    IRQ082_Handler                           0x00002ee9   Thumb Code    12  hc32_ll_interrupts.o(i.IRQ082_Handler)
    IRQ083_Handler                           0x00002ef9   Thumb Code    12  hc32_ll_interrupts.o(i.IRQ083_Handler)
    IRQ084_Handler                           0x00002f09   Thumb Code    12  hc32_ll_interrupts.o(i.IRQ084_Handler)
    IRQ085_Handler                           0x00002f19   Thumb Code    12  hc32_ll_interrupts.o(i.IRQ085_Handler)
    IRQ086_Handler                           0x00002f29   Thumb Code    12  hc32_ll_interrupts.o(i.IRQ086_Handler)
    IRQ087_Handler                           0x00002f39   Thumb Code    12  hc32_ll_interrupts.o(i.IRQ087_Handler)
    IRQ088_Handler                           0x00002f49   Thumb Code    12  hc32_ll_interrupts.o(i.IRQ088_Handler)
    IRQ089_Handler                           0x00002f59   Thumb Code    12  hc32_ll_interrupts.o(i.IRQ089_Handler)
    IRQ090_Handler                           0x00002f69   Thumb Code    12  hc32_ll_interrupts.o(i.IRQ090_Handler)
    IRQ091_Handler                           0x00002f79   Thumb Code    12  hc32_ll_interrupts.o(i.IRQ091_Handler)
    IRQ092_Handler                           0x00002f89   Thumb Code    12  hc32_ll_interrupts.o(i.IRQ092_Handler)
    IRQ093_Handler                           0x00002f99   Thumb Code    12  hc32_ll_interrupts.o(i.IRQ093_Handler)
    IRQ094_Handler                           0x00002fa9   Thumb Code    12  hc32_ll_interrupts.o(i.IRQ094_Handler)
    IRQ095_Handler                           0x00002fb9   Thumb Code    12  hc32_ll_interrupts.o(i.IRQ095_Handler)
    IRQ096_Handler                           0x00002fc9   Thumb Code    12  hc32_ll_interrupts.o(i.IRQ096_Handler)
    IRQ097_Handler                           0x00002fd9   Thumb Code    12  hc32_ll_interrupts.o(i.IRQ097_Handler)
    IRQ098_Handler                           0x00002fe9   Thumb Code    12  hc32_ll_interrupts.o(i.IRQ098_Handler)
    IRQ099_Handler                           0x00002ff9   Thumb Code    12  hc32_ll_interrupts.o(i.IRQ099_Handler)
    IRQ100_Handler                           0x00003009   Thumb Code    12  hc32_ll_interrupts.o(i.IRQ100_Handler)
    IRQ101_Handler                           0x00003019   Thumb Code    12  hc32_ll_interrupts.o(i.IRQ101_Handler)
    IRQ102_Handler                           0x00003029   Thumb Code    12  hc32_ll_interrupts.o(i.IRQ102_Handler)
    IRQ103_Handler                           0x00003039   Thumb Code    12  hc32_ll_interrupts.o(i.IRQ103_Handler)
    IRQ104_Handler                           0x00003049   Thumb Code    12  hc32_ll_interrupts.o(i.IRQ104_Handler)
    IRQ105_Handler                           0x00003059   Thumb Code    12  hc32_ll_interrupts.o(i.IRQ105_Handler)
    IRQ106_Handler                           0x00003069   Thumb Code    12  hc32_ll_interrupts.o(i.IRQ106_Handler)
    IRQ107_Handler                           0x00003079   Thumb Code    12  hc32_ll_interrupts.o(i.IRQ107_Handler)
    IRQ108_Handler                           0x00003089   Thumb Code    12  hc32_ll_interrupts.o(i.IRQ108_Handler)
    IRQ109_Handler                           0x00003099   Thumb Code    12  hc32_ll_interrupts.o(i.IRQ109_Handler)
    IRQ110_Handler                           0x000030a9   Thumb Code    12  hc32_ll_interrupts.o(i.IRQ110_Handler)
    IRQ111_Handler                           0x000030b9   Thumb Code    12  hc32_ll_interrupts.o(i.IRQ111_Handler)
    IRQ112_Handler                           0x000030c9   Thumb Code    12  hc32_ll_interrupts.o(i.IRQ112_Handler)
    IRQ113_Handler                           0x000030d9   Thumb Code    12  hc32_ll_interrupts.o(i.IRQ113_Handler)
    IRQ114_Handler                           0x000030e9   Thumb Code    12  hc32_ll_interrupts.o(i.IRQ114_Handler)
    IRQ115_Handler                           0x000030f9   Thumb Code    12  hc32_ll_interrupts.o(i.IRQ115_Handler)
    IRQ116_Handler                           0x00003109   Thumb Code    12  hc32_ll_interrupts.o(i.IRQ116_Handler)
    IRQ117_Handler                           0x00003119   Thumb Code    12  hc32_ll_interrupts.o(i.IRQ117_Handler)
    IRQ118_Handler                           0x00003129   Thumb Code    12  hc32_ll_interrupts.o(i.IRQ118_Handler)
    IRQ119_Handler                           0x00003139   Thumb Code    12  hc32_ll_interrupts.o(i.IRQ119_Handler)
    IRQ120_Handler                           0x00003149   Thumb Code    12  hc32_ll_interrupts.o(i.IRQ120_Handler)
    IRQ121_Handler                           0x00003159   Thumb Code    12  hc32_ll_interrupts.o(i.IRQ121_Handler)
    IRQ122_Handler                           0x00003169   Thumb Code    12  hc32_ll_interrupts.o(i.IRQ122_Handler)
    IRQ123_Handler                           0x00003179   Thumb Code    12  hc32_ll_interrupts.o(i.IRQ123_Handler)
    IRQ124_Handler                           0x00003189   Thumb Code    12  hc32_ll_interrupts.o(i.IRQ124_Handler)
    IRQ125_Handler                           0x00003199   Thumb Code    12  hc32_ll_interrupts.o(i.IRQ125_Handler)
    IRQ126_Handler                           0x000031a9   Thumb Code    12  hc32_ll_interrupts.o(i.IRQ126_Handler)
    IRQ127_Handler                           0x000031b9   Thumb Code    12  hc32_ll_interrupts.o(i.IRQ127_Handler)
    Io_Init                                  0x000031c9   Thumb Code    28  led.o(i.Io_Init)
    Io_SetP                                  0x000031f5   Thumb Code    32  led.o(i.Io_SetP)
    Io_Start                                 0x00003215   Thumb Code    14  led.o(i.Io_Start)
    LL_PERIPH_WE                             0x00003225   Thumb Code   122  hc32_ll.o(i.LL_PERIPH_WE)
    LL_PERIPH_WP                             0x000032b5   Thumb Code   114  hc32_ll.o(i.LL_PERIPH_WP)
    SRAM_SetWaitCycle                        0x00003371   Thumb Code   182  hc32_ll_sram.o(i.SRAM_SetWaitCycle)
    SysTick_Handler                          0x00003c01   Thumb Code    46  port.o(i.SysTick_Handler)
    SystemCoreClockUpdate                    0x00003c35   Thumb Code   166  system_hc32f4a0.o(i.SystemCoreClockUpdate)
    SystemInit                               0x00003cfd   Thumb Code    28  system_hc32f4a0.o(i.SystemInit)
    TMR0_HWClearCondCmd                      0x00003d1d   Thumb Code   114  hc32_ll_tmr0.o(i.TMR0_HWClearCondCmd)
    TMR0_HWStartCondCmd                      0x00003db9   Thumb Code   114  hc32_ll_tmr0.o(i.TMR0_HWStartCondCmd)
    TMR0_Init                                0x00003e55   Thumb Code   284  hc32_ll_tmr0.o(i.TMR0_Init)
    TMR0_Stop                                0x00003f99   Thumb Code    70  hc32_ll_tmr0.o(i.TMR0_Stop)
    U10_TX_DMA_TC_IrqCallback                0x00004009   Thumb Code    26  bsp_uart.o(i.U10_TX_DMA_TC_IrqCallback)
    U1_TC_IrqCallback                        0x00004029   Thumb Code    26  bsp_uart.o(i.U1_TC_IrqCallback)
    U1_TX_DMA_TC_IrqCallback                 0x00004049   Thumb Code    40  bsp_uart.o(i.U1_TX_DMA_TC_IrqCallback)
    USART_ClearStatus                        0x0000450d   Thumb Code   186  hc32_ll_usart.o(i.USART_ClearStatus)
    USART_FuncCmd                            0x00004615   Thumb Code   314  hc32_ll_usart.o(i.USART_FuncCmd)
    USART_GetStatus                          0x000047bd   Thumb Code   124  hc32_ll_usart.o(i.USART_GetStatus)
    USART_ReadData                           0x0000493d   Thumb Code    84  hc32_ll_usart.o(i.USART_ReadData)
    USART_SetBaudrate                        0x000049d9   Thumb Code   254  hc32_ll_usart.o(i.USART_SetBaudrate)
    USART_UART_Init                          0x00004b21   Thumb Code   490  hc32_ll_usart.o(i.USART_UART_Init)
    USART_WriteData                          0x00004d55   Thumb Code   110  hc32_ll_usart.o(i.USART_WriteData)
    Usart_Send_DMA                           0x00004ebf   Thumb Code    52  bsp_uart.o(i.Usart_Send_DMA)
    Usr_com_putchar                          0x00004f75   Thumb Code    66  bsp_uart.o(i.Usr_com_putchar)
    _sys_exit                                0x00004fb7   Thumb Code     4  bsp_uart.o(i._sys_exit)
    $Super$$main                             0x00004fbd   Thumb Code    98  main.o(i.main)
    pvPortMalloc                             0x00005a29   Thumb Code   338  heap_4.o(i.pvPortMalloc)
    pxPortInitialiseStack                    0x00005b95   Thumb Code    38  port.o(i.pxPortInitialiseStack)
    usart_Init                               0x00005bc1   Thumb Code    12  bsp_uart.o(i.usart_Init)
    usart_Send                               0x00005bcd   Thumb Code    56  bsp_uart.o(i.usart_Send)
    uxListRemove                             0x00005c05   Thumb Code    40  list.o(i.uxListRemove)
    uxTaskResetEventItemValue                0x00005c2d   Thumb Code    24  tasks.o(i.uxTaskResetEventItemValue)
    vEventGroupSetBitsCallback               0x00005c49   Thumb Code    16  event_groups.o(i.vEventGroupSetBitsCallback)
    vListInitialise                          0x00005c59   Thumb Code    26  list.o(i.vListInitialise)
    vListInitialiseItem                      0x00005c73   Thumb Code     6  list.o(i.vListInitialiseItem)
    vListInsert                              0x00005c79   Thumb Code    52  list.o(i.vListInsert)
    vPortEnterCritical                       0x00005cad   Thumb Code    76  port.o(i.vPortEnterCritical)
    vPortExitCritical                        0x00005d01   Thumb Code    56  port.o(i.vPortExitCritical)
    vPortFree                                0x00005d3d   Thumb Code   150  heap_4.o(i.vPortFree)
    vPortSetupTimerInterrupt                 0x00005de1   Thumb Code    20  port.o(i.vPortSetupTimerInterrupt)
    vPortValidateInterruptPriority           0x00005df9   Thumb Code   106  port.o(i.vPortValidateInterruptPriority)
    vQueueAddToRegistry                      0x00005e71   Thumb Code    90  queue.o(i.vQueueAddToRegistry)
    vQueueWaitForMessageRestricted           0x00005ed1   Thumb Code    74  queue.o(i.vQueueWaitForMessageRestricted)
    vTaskDelay                               0x00005f1d   Thumb Code    82  tasks.o(i.vTaskDelay)
    vTaskInternalSetTimeOutState             0x00005f79   Thumb Code    14  tasks.o(i.vTaskInternalSetTimeOutState)
    vTaskLED                                 0x00005f91   Thumb Code    12  task_led.o(i.vTaskLED)
    vTaskMissedYield                         0x00005f9d   Thumb Code     8  tasks.o(i.vTaskMissedYield)
    vTaskPlaceOnEventList                    0x00005fa9   Thumb Code    52  tasks.o(i.vTaskPlaceOnEventList)
    vTaskPlaceOnEventListRestricted          0x00005fe1   Thumb Code    94  tasks.o(i.vTaskPlaceOnEventListRestricted)
    vTaskPlaceOnUnorderedEventList           0x00006045   Thumb Code   134  tasks.o(i.vTaskPlaceOnUnorderedEventList)
    vTaskRemoveFromUnorderedEventList        0x000060d5   Thumb Code   250  tasks.o(i.vTaskRemoveFromUnorderedEventList)
    vTaskStartScheduler                      0x000061e5   Thumb Code   122  tasks.o(i.vTaskStartScheduler)
    vTaskSuspendAll                          0x00006281   Thumb Code    12  tasks.o(i.vTaskSuspendAll)
    vTaskSwitchContext                       0x00006291   Thumb Code   118  tasks.o(i.vTaskSwitchContext)
    vTaskUart1                               0x0000631d   Thumb Code    72  task_remote.o(i.vTaskUart1)
    xEventGroupCreate                        0x00006371   Thumb Code    26  event_groups.o(i.xEventGroupCreate)
    xEventGroupSetBits                       0x0000638b   Thumb Code   206  event_groups.o(i.xEventGroupSetBits)
    xEventGroupSetBitsFromISR                0x00006459   Thumb Code    30  event_groups.o(i.xEventGroupSetBitsFromISR)
    xEventGroupWaitBits                      0x0000647d   Thumb Code   338  event_groups.o(i.xEventGroupWaitBits)
    xPortStartScheduler                      0x000065d5   Thumb Code   330  port.o(i.xPortStartScheduler)
    xQueueGenericCreate                      0x0000673d   Thumb Code   102  queue.o(i.xQueueGenericCreate)
    xQueueGenericReset                       0x000067a5   Thumb Code   214  queue.o(i.xQueueGenericReset)
    xQueueGenericSendFromISR                 0x00006881   Thumb Code   288  queue.o(i.xQueueGenericSendFromISR)
    xQueueReceive                            0x000069a1   Thumb Code   356  queue.o(i.xQueueReceive)
    xTaskCheckForTimeOut                     0x00006b09   Thumb Code   136  tasks.o(i.xTaskCheckForTimeOut)
    xTaskCreate                              0x00006b99   Thumb Code    96  tasks.o(i.xTaskCreate)
    xTaskGetSchedulerState                   0x00006bf9   Thumb Code    24  tasks.o(i.xTaskGetSchedulerState)
    xTaskGetTickCount                        0x00006c19   Thumb Code     6  tasks.o(i.xTaskGetTickCount)
    xTaskIncrementTick                       0x00006c25   Thumb Code   398  tasks.o(i.xTaskIncrementTick)
    xTaskPriorityDisinherit                  0x00006de1   Thumb Code   226  tasks.o(i.xTaskPriorityDisinherit)
    xTaskRemoveFromEventList                 0x00006ed1   Thumb Code   264  tasks.o(i.xTaskRemoveFromEventList)
    xTaskResumeAll                           0x00006ff1   Thumb Code   338  tasks.o(i.xTaskResumeAll)
    xTimerCreateTimerTask                    0x00007169   Thumb Code    66  timers.o(i.xTimerCreateTimerTask)
    xTimerPendFunctionCallFromISR            0x000071c1   Thumb Code    48  timers.o(i.xTimerPendFunctionCallFromISR)
    xs_GpioGetBit                            0x000071f5   Thumb Code    18  bsp_gpio.o(i.xs_GpioGetBit)
    xs_GpioInit                              0x00007207   Thumb Code    16  bsp_gpio.o(i.xs_GpioInit)
    xs_GpioOutput                            0x00007217   Thumb Code    32  bsp_gpio.o(i.xs_GpioOutput)
    xs_GpioToggle                            0x00007237   Thumb Code    14  bsp_gpio.o(i.xs_GpioToggle)
    __aeabi_d2f                              0x00007245   Thumb Code     0  d2f.o(x$fpl$d2f)
    _d2f                                     0x00007245   Thumb Code    98  d2f.o(x$fpl$d2f)
    __aeabi_ddiv                             0x000072a9   Thumb Code     0  ddiv.o(x$fpl$ddiv)
    _ddiv                                    0x000072a9   Thumb Code   552  ddiv.o(x$fpl$ddiv)
    __aeabi_ui2d                             0x00007559   Thumb Code     0  dflt_clz.o(x$fpl$dfltu)
    _dfltu                                   0x00007559   Thumb Code    38  dflt_clz.o(x$fpl$dfltu)
    __aeabi_ul2d                             0x00007581   Thumb Code     0  dfltll_clz.o(x$fpl$dfltull)
    _ll_uto_d                                0x00007581   Thumb Code   138  dfltll_clz.o(x$fpl$dfltull)
    __fpl_dnaninf                            0x0000760b   Thumb Code   156  dnaninf.o(x$fpl$dnaninf)
    __fpl_dretinf                            0x000076a7   Thumb Code    12  dretinf.o(x$fpl$dretinf)
    _fp_init                                 0x000076b3   Thumb Code    10  fpinit.o(x$fpl$fpinit)
    __fplib_config_fpu_vfp                   0x000076bb   Thumb Code     0  fpinit.o(x$fpl$fpinit)
    __fplib_config_pureend_doubles           0x000076bb   Thumb Code     0  fpinit.o(x$fpl$fpinit)
    __fpl_fretinf                            0x000076bd   Thumb Code    10  fretinf.o(x$fpl$fretinf)
    __I$use$fp                               0x000076c6   Number         0  usenofp.o(x$fpl$usenofp)
    Region$$Table$$Base                      0x000077dc   Number         0  anon$$obj.o(Region$$Table)
    Region$$Table$$Limit                     0x000077fc   Number         0  anon$$obj.o(Region$$Table)
    SystemCoreClock                          0x1ffe0000   Data           4  system_hc32f4a0.o(.data)
    HRC_VALUE                                0x1ffe0004   Data           4  system_hc32f4a0.o(.data)
    __stdout                                 0x1ffe0008   Data           4  bsp_uart.o(.data)
    __stdin                                  0x1ffe000c   Data           4  bsp_uart.o(.data)
    g_uart                                   0x1ffe0010   Data           8  bsp_uart.o(.data)
    usart1                                   0x1ffe0018   Data         680  bsp_uart.o(.data)
    usart10                                  0x1ffe02c0   Data         680  bsp_uart.o(.data)
    led1                                     0x1ffe0568   Data          68  led.o(.data)
    led_ioctl                                0x1ffe05ac   Data          16  led.o(.data)
    pxCurrentTCB                             0x1ffe05bc   Data           4  tasks.o(.data)
    uxTopUsedPriority                        0x1ffe05f4   Data           4  tasks.o(.data)
    uart_test_string                         0x1ffe063c   Data           4  main.o(.data)
    test_ptr_void                            0x1ffe0640   Data           4  main.o(.data)
    uart_printf_count                        0x1ffe0644   Data           4  main.o(.data)
    i32MultiBlockRet                         0x1ffe0648   Data           4  main.o(.data)
    i32EraseRet                              0x1ffe064c   Data           4  main.o(.data)
    FlashPath                                0x1ffe0650   Data           3  main.o(.data)
    fRet                                     0x1ffe0653   Data           1  main.o(.data)
    u32WBNbr                                 0x1ffe0654   Data           4  main.o(.data)
    u32RBNbr                                 0x1ffe0658   Data           4  main.o(.data)
    u8WriteText                              0x1ffe065c   Data          30  main.o(.data)
    i32Ret                                   0x1ffe067c   Data           4  main.o(.data)
    xHandleTaskRemote                        0x1ffe0680   Data           4  main.o(.data)
    xHandleTaskControl                       0x1ffe0684   Data           4  main.o(.data)
    xHandleTaskStart                         0x1ffe0688   Data           4  main.o(.data)
    EventGroup1                              0x1ffe068c   Data           4  main.o(.data)
    EventGroup2                              0x1ffe0690   Data           4  main.o(.data)
    EventGroup3                              0x1ffe0694   Data           4  main.o(.data)
    EventGroup4                              0x1ffe0698   Data           4  main.o(.data)
    xQueueRegistry                           0x1ffe089c   Data          64  queue.o(.bss)
    __libspace_start                         0x1fff36a8   Data          96  libspace.o(.bss)
    __temporary_stack_top$libspace           0x1fff3708   Data           0  libspace.o(.bss)



==============================================================================

Memory Map of the image

  Image Entry point : 0x00000281

  Load Region LR_IROM1 (Base: 0x00000000, Size: 0x00007e98, Max: 0x00200000, ABSOLUTE, COMPRESSED[0x000078bc])

    Execution Region ER_IROM1 (Exec base: 0x00000000, Load base: 0x00000000, Size: 0x000077fc, Max: 0x00200000, ABSOLUTE)

    Exec Addr    Load Addr    Size         Type   Attr      Idx    E Section Name        Object

    0x00000000   0x00000000   0x00000280   Data   RO            3    RESET               startup_hc32f4a0.o
    0x00000280   0x00000280   0x00000008   Code   RO        13441  * !!!main             c_w.l(__main.o)
    0x00000288   0x00000288   0x00000034   Code   RO        13815    !!!scatter          c_w.l(__scatter.o)
    0x000002bc   0x000002bc   0x0000003a   Code   RO        13813    !!dczerorl          c_w.l(__dczerorl.o)
    0x000002f6   0x000002f6   0x00000002   PAD
    0x000002f8   0x000002f8   0x0000001c   Code   RO        13817    !!handler_zi        c_w.l(__scatter_zi.o)
    0x00000314   0x00000314   0x00000002   Code   RO        13745    .ARM.Collect$$libinit$$00000000  c_w.l(libinit.o)
    0x00000316   0x00000316   0x00000004   Code   RO        13562    .ARM.Collect$$libinit$$00000001  c_w.l(libinit2.o)
    0x0000031a   0x0000031a   0x00000000   Code   RO        13565    .ARM.Collect$$libinit$$00000004  c_w.l(libinit2.o)
    0x0000031a   0x0000031a   0x00000000   Code   RO        13568    .ARM.Collect$$libinit$$0000000A  c_w.l(libinit2.o)
    0x0000031a   0x0000031a   0x00000000   Code   RO        13570    .ARM.Collect$$libinit$$0000000C  c_w.l(libinit2.o)
    0x0000031a   0x0000031a   0x00000000   Code   RO        13572    .ARM.Collect$$libinit$$0000000E  c_w.l(libinit2.o)
    0x0000031a   0x0000031a   0x00000000   Code   RO        13575    .ARM.Collect$$libinit$$00000011  c_w.l(libinit2.o)
    0x0000031a   0x0000031a   0x00000000   Code   RO        13577    .ARM.Collect$$libinit$$00000013  c_w.l(libinit2.o)
    0x0000031a   0x0000031a   0x00000000   Code   RO        13579    .ARM.Collect$$libinit$$00000015  c_w.l(libinit2.o)
    0x0000031a   0x0000031a   0x00000000   Code   RO        13581    .ARM.Collect$$libinit$$00000017  c_w.l(libinit2.o)
    0x0000031a   0x0000031a   0x00000000   Code   RO        13583    .ARM.Collect$$libinit$$00000019  c_w.l(libinit2.o)
    0x0000031a   0x0000031a   0x00000000   Code   RO        13585    .ARM.Collect$$libinit$$0000001B  c_w.l(libinit2.o)
    0x0000031a   0x0000031a   0x00000000   Code   RO        13587    .ARM.Collect$$libinit$$0000001D  c_w.l(libinit2.o)
    0x0000031a   0x0000031a   0x00000000   Code   RO        13589    .ARM.Collect$$libinit$$0000001F  c_w.l(libinit2.o)
    0x0000031a   0x0000031a   0x00000000   Code   RO        13591    .ARM.Collect$$libinit$$00000021  c_w.l(libinit2.o)
    0x0000031a   0x0000031a   0x00000000   Code   RO        13593    .ARM.Collect$$libinit$$00000023  c_w.l(libinit2.o)
    0x0000031a   0x0000031a   0x00000000   Code   RO        13595    .ARM.Collect$$libinit$$00000025  c_w.l(libinit2.o)
    0x0000031a   0x0000031a   0x00000000   Code   RO        13599    .ARM.Collect$$libinit$$0000002C  c_w.l(libinit2.o)
    0x0000031a   0x0000031a   0x00000000   Code   RO        13601    .ARM.Collect$$libinit$$0000002E  c_w.l(libinit2.o)
    0x0000031a   0x0000031a   0x00000000   Code   RO        13603    .ARM.Collect$$libinit$$00000030  c_w.l(libinit2.o)
    0x0000031a   0x0000031a   0x00000000   Code   RO        13605    .ARM.Collect$$libinit$$00000032  c_w.l(libinit2.o)
    0x0000031a   0x0000031a   0x00000002   Code   RO        13606    .ARM.Collect$$libinit$$00000033  c_w.l(libinit2.o)
    0x0000031c   0x0000031c   0x00000002   Code   RO        13810    .ARM.Collect$$libshutdown$$00000000  c_w.l(libshutdown.o)
    0x0000031e   0x0000031e   0x00000000   Code   RO        13768    .ARM.Collect$$libshutdown$$00000002  c_w.l(libshutdown2.o)
    0x0000031e   0x0000031e   0x00000000   Code   RO        13770    .ARM.Collect$$libshutdown$$00000004  c_w.l(libshutdown2.o)
    0x0000031e   0x0000031e   0x00000000   Code   RO        13772    .ARM.Collect$$libshutdown$$00000006  c_w.l(libshutdown2.o)
    0x0000031e   0x0000031e   0x00000000   Code   RO        13775    .ARM.Collect$$libshutdown$$00000009  c_w.l(libshutdown2.o)
    0x0000031e   0x0000031e   0x00000000   Code   RO        13778    .ARM.Collect$$libshutdown$$0000000C  c_w.l(libshutdown2.o)
    0x0000031e   0x0000031e   0x00000000   Code   RO        13780    .ARM.Collect$$libshutdown$$0000000E  c_w.l(libshutdown2.o)
    0x0000031e   0x0000031e   0x00000000   Code   RO        13783    .ARM.Collect$$libshutdown$$00000011  c_w.l(libshutdown2.o)
    0x0000031e   0x0000031e   0x00000002   Code   RO        13784    .ARM.Collect$$libshutdown$$00000012  c_w.l(libshutdown2.o)
    0x00000320   0x00000320   0x00000000   Code   RO        13463    .ARM.Collect$$rtentry$$00000000  c_w.l(__rtentry.o)
    0x00000320   0x00000320   0x00000000   Code   RO        13628    .ARM.Collect$$rtentry$$00000002  c_w.l(__rtentry2.o)
    0x00000320   0x00000320   0x00000006   Code   RO        13640    .ARM.Collect$$rtentry$$00000004  c_w.l(__rtentry4.o)
    0x00000326   0x00000326   0x00000000   Code   RO        13630    .ARM.Collect$$rtentry$$00000009  c_w.l(__rtentry2.o)
    0x00000326   0x00000326   0x00000004   Code   RO        13631    .ARM.Collect$$rtentry$$0000000A  c_w.l(__rtentry2.o)
    0x0000032a   0x0000032a   0x00000000   Code   RO        13633    .ARM.Collect$$rtentry$$0000000C  c_w.l(__rtentry2.o)
    0x0000032a   0x0000032a   0x00000008   Code   RO        13634    .ARM.Collect$$rtentry$$0000000D  c_w.l(__rtentry2.o)
    0x00000332   0x00000332   0x00000002   Code   RO        13750    .ARM.Collect$$rtexit$$00000000  c_w.l(rtexit.o)
    0x00000334   0x00000334   0x00000000   Code   RO        13786    .ARM.Collect$$rtexit$$00000002  c_w.l(rtexit2.o)
    0x00000334   0x00000334   0x00000004   Code   RO        13787    .ARM.Collect$$rtexit$$00000003  c_w.l(rtexit2.o)
    0x00000338   0x00000338   0x00000006   Code   RO        13788    .ARM.Collect$$rtexit$$00000004  c_w.l(rtexit2.o)
    0x0000033e   0x0000033e   0x00000002   PAD
    0x00000340   0x00000340   0x000000be   Code   RO        10473    .emb_text           port.o
    0x000003fe   0x000003fe   0x00000002   Code   RO        13317    .text               c_w.l(use_no_semi_2.o)
    0x00000400   0x00000400   0x00000060   Data   RO         3696    .ARM.__AT_0x00000400  hc32_ll_icg.o
    0x00000460   0x00000460   0x00000040   Code   RO            4    .text               startup_hc32f4a0.o
    0x000004a0   0x000004a0   0x000000ee   Code   RO        13381    .text               c_w.l(lludivv7m.o)
    0x0000058e   0x0000058e   0x0000003e   Code   RO        13425    .text               c_w.l(strlen.o)
    0x000005cc   0x000005cc   0x0000008a   Code   RO        13429    .text               c_w.l(rt_memcpy_v6.o)
    0x00000656   0x00000656   0x00000010   Code   RO        13433    .text               c_w.l(aeabi_memset.o)
    0x00000666   0x00000666   0x00000044   Code   RO        13435    .text               c_w.l(rt_memclr.o)
    0x000006aa   0x000006aa   0x0000004e   Code   RO        13437    .text               c_w.l(rt_memclr_w.o)
    0x000006f8   0x000006f8   0x00000006   Code   RO        13439    .text               c_w.l(heapauxi.o)
    0x000006fe   0x000006fe   0x00000002   Code   RO        13459    .text               c_w.l(use_no_semi.o)
    0x00000700   0x00000700   0x00000064   Code   RO        13558    .text               c_w.l(rt_memcpy_w.o)
    0x00000764   0x00000764   0x00000008   Code   RO        13624    .text               c_w.l(libspace.o)
    0x0000076c   0x0000076c   0x0000004a   Code   RO        13681    .text               c_w.l(sys_stackheap_outer.o)
    0x000007b6   0x000007b6   0x00000012   Code   RO        13726    .text               c_w.l(exit.o)
    0x000007c8   0x000007c8   0x0000000e   Code   RO           13    i.$Sub$$main        system_hc32f4a0.o
    0x000007d6   0x000007d6   0x00000002   PAD
    0x000007d8   0x000007d8   0x00000150   Code   RO          608    i.AOS_SetTriggerEventSrc  hc32_ll_aos.o
    0x00000928   0x00000928   0x00000034   Code   RO        13206    i.AppObjCreate      main.o
    0x0000095c   0x0000095c   0x00000054   Code   RO        13207    i.AppTaskCreate     main.o
    0x000009b0   0x000009b0   0x000000dc   Code   RO        13208    i.BSP_CLK_Init      main.o
    0x00000a8c   0x00000a8c   0x0000008c   Code   RO         7440    i.BSP_TMR0_Config_For_UsartTimeOut  bsp_timer0.o
    0x00000b18   0x00000b18   0x00000040   Code   RO         7257    i.BSP_Usart_Init    bsp_uart.o
    0x00000b58   0x00000b58   0x00000016   Code   RO          880    i.CLK_Delay         hc32_ll_clk.o
    0x00000b6e   0x00000b6e   0x00000002   PAD
    0x00000b70   0x00000b70   0x00000054   Code   RO          884    i.CLK_GetStableStatus  hc32_ll_clk.o
    0x00000bc4   0x00000bc4   0x000000bc   Code   RO          894    i.CLK_PLLCmd        hc32_ll_clk.o
    0x00000c80   0x00000c80   0x00000294   Code   RO          895    i.CLK_PLLInit       hc32_ll_clk.o
    0x00000f14   0x00000f14   0x00000054   Code   RO          896    i.CLK_PLLStructInit  hc32_ll_clk.o
    0x00000f68   0x00000f68   0x00000014   Code   RO          902    i.CLK_SetClockDiv   hc32_ll_clk.o
    0x00000f7c   0x00000f7c   0x00000010   Code   RO          906    i.CLK_SetSysClockSrc  hc32_ll_clk.o
    0x00000f8c   0x00000f8c   0x00000030   Code   RO          910    i.CLK_WaitStable    hc32_ll_clk.o
    0x00000fbc   0x00000fbc   0x00000090   Code   RO          911    i.CLK_Xtal32Cmd     hc32_ll_clk.o
    0x0000104c   0x0000104c   0x000000cc   Code   RO          912    i.CLK_Xtal32Init    hc32_ll_clk.o
    0x00001118   0x00001118   0x00000014   Code   RO          914    i.CLK_Xtal32StructInit  hc32_ll_clk.o
    0x0000112c   0x0000112c   0x000000b8   Code   RO          915    i.CLK_XtalCmd       hc32_ll_clk.o
    0x000011e4   0x000011e4   0x00000120   Code   RO          916    i.CLK_XtalInit      hc32_ll_clk.o
    0x00001304   0x00001304   0x0000001a   Code   RO          919    i.CLK_XtalStructInit  hc32_ll_clk.o
    0x0000131e   0x0000131e   0x00000002   PAD
    0x00001320   0x00001320   0x00000054   Code   RO         6618    i.ClockSync_CalculateDiv  hc32_ll_usart.o
    0x00001374   0x00001374   0x000001a4   Code   RO         6619    i.ClockSync_CalculateDivFraction  hc32_ll_usart.o
    0x00001518   0x00001518   0x00000148   Code   RO         6620    i.ClockSync_CalculateDivInteger  hc32_ll_usart.o
    0x00001660   0x00001660   0x00000004   Code   RO         7011    i.DDL_AssertHandler  hc32_ll_utility.o
    0x00001664   0x00001664   0x00000032   Code   RO         7012    i.DDL_DelayMS       hc32_ll_utility.o
    0x00001696   0x00001696   0x00000002   PAD
    0x00001698   0x00001698   0x00000090   Code   RO         1596    i.DMA_ChCmd         hc32_ll_dma.o
    0x00001728   0x00001728   0x00000070   Code   RO         1598    i.DMA_ClearTransCompleteStatus  hc32_ll_dma.o
    0x00001798   0x00001798   0x00000060   Code   RO         1599    i.DMA_Cmd           hc32_ll_dma.o
    0x000017f8   0x000017f8   0x00000404   Code   RO         7663    i.DMA_Config_For_Uart  bsp_dma.o
    0x00001bfc   0x00001bfc   0x0000008c   Code   RO         1601    i.DMA_ErrIntCmd     hc32_ll_dma.o
    0x00001c88   0x00001c88   0x00000160   Code   RO         1616    i.DMA_Init          hc32_ll_dma.o
    0x00001de8   0x00001de8   0x00000088   Code   RO         1620    i.DMA_MxChCmd       hc32_ll_dma.o
    0x00001e70   0x00001e70   0x00000034   Code   RO         7664    i.DMA_Reload_Dest_For_Uart  bsp_dma.o
    0x00001ea4   0x00001ea4   0x00000014   Code   RO         7665    i.DMA_Reload_Src_For_Uart  bsp_dma.o
    0x00001eb8   0x00001eb8   0x00000070   Code   RO         1630    i.DMA_SetDestAddr   hc32_ll_dma.o
    0x00001f28   0x00001f28   0x00000070   Code   RO         1637    i.DMA_SetSrcAddr    hc32_ll_dma.o
    0x00001f98   0x00001f98   0x00000078   Code   RO         1639    i.DMA_SetTransCount  hc32_ll_dma.o
    0x00002010   0x00002010   0x00000022   Code   RO         1640    i.DMA_StructInit    hc32_ll_dma.o
    0x00002032   0x00002032   0x00000002   PAD
    0x00002034   0x00002034   0x00000090   Code   RO         1641    i.DMA_TransCompleteIntCmd  hc32_ll_dma.o
    0x000020c4   0x000020c4   0x0000008c   Code   RO         2026    i.EFM_SetWaitCycle  hc32_ll_efm.o
    0x00002150   0x00002150   0x00000090   Code   RO         3042    i.FCG_Fcg0PeriphClockCmd  hc32_ll_fcg.o
    0x000021e0   0x000021e0   0x00000078   Code   RO         3044    i.FCG_Fcg2PeriphClockCmd  hc32_ll_fcg.o
    0x00002258   0x00002258   0x00000078   Code   RO         3045    i.FCG_Fcg3PeriphClockCmd  hc32_ll_fcg.o
    0x000022d0   0x000022d0   0x00000220   Code   RO         3130    i.GPIO_Init         hc32_ll_gpio.o
    0x000024f0   0x000024f0   0x00000088   Code   RO         3133    i.GPIO_ReadInputPins  hc32_ll_gpio.o
    0x00002578   0x00002578   0x00000084   Code   RO         3137    i.GPIO_ResetPins    hc32_ll_gpio.o
    0x000025fc   0x000025fc   0x000000d4   Code   RO         3139    i.GPIO_SetFunc      hc32_ll_gpio.o
    0x000026d0   0x000026d0   0x00000084   Code   RO         3140    i.GPIO_SetPins      hc32_ll_gpio.o
    0x00002754   0x00002754   0x00000098   Code   RO         3141    i.GPIO_SetReadWaitCycle  hc32_ll_gpio.o
    0x000027ec   0x000027ec   0x00000084   Code   RO         3145    i.GPIO_TogglePins   hc32_ll_gpio.o
    0x00002870   0x00002870   0x00000084   Code   RO         7258    i.INTC_IrqInstalHandler  bsp_uart.o
    0x000028f4   0x000028f4   0x000000d4   Code   RO         3726    i.INTC_IrqSignIn    hc32_ll_interrupts.o
    0x000029c8   0x000029c8   0x00000010   Code   RO         3731    i.IRQ000_Handler    hc32_ll_interrupts.o
    0x000029d8   0x000029d8   0x00000010   Code   RO         3732    i.IRQ001_Handler    hc32_ll_interrupts.o
    0x000029e8   0x000029e8   0x00000010   Code   RO         3733    i.IRQ002_Handler    hc32_ll_interrupts.o
    0x000029f8   0x000029f8   0x00000010   Code   RO         3734    i.IRQ003_Handler    hc32_ll_interrupts.o
    0x00002a08   0x00002a08   0x00000010   Code   RO         3735    i.IRQ004_Handler    hc32_ll_interrupts.o
    0x00002a18   0x00002a18   0x00000010   Code   RO         3736    i.IRQ005_Handler    hc32_ll_interrupts.o
    0x00002a28   0x00002a28   0x00000010   Code   RO         3737    i.IRQ006_Handler    hc32_ll_interrupts.o
    0x00002a38   0x00002a38   0x00000010   Code   RO         3738    i.IRQ007_Handler    hc32_ll_interrupts.o
    0x00002a48   0x00002a48   0x00000010   Code   RO         3739    i.IRQ008_Handler    hc32_ll_interrupts.o
    0x00002a58   0x00002a58   0x00000010   Code   RO         3740    i.IRQ009_Handler    hc32_ll_interrupts.o
    0x00002a68   0x00002a68   0x00000010   Code   RO         3741    i.IRQ010_Handler    hc32_ll_interrupts.o
    0x00002a78   0x00002a78   0x00000010   Code   RO         3742    i.IRQ011_Handler    hc32_ll_interrupts.o
    0x00002a88   0x00002a88   0x00000010   Code   RO         3743    i.IRQ012_Handler    hc32_ll_interrupts.o
    0x00002a98   0x00002a98   0x00000010   Code   RO         3744    i.IRQ013_Handler    hc32_ll_interrupts.o
    0x00002aa8   0x00002aa8   0x00000010   Code   RO         3745    i.IRQ014_Handler    hc32_ll_interrupts.o
    0x00002ab8   0x00002ab8   0x00000010   Code   RO         3746    i.IRQ015_Handler    hc32_ll_interrupts.o
    0x00002ac8   0x00002ac8   0x00000010   Code   RO         3747    i.IRQ016_Handler    hc32_ll_interrupts.o
    0x00002ad8   0x00002ad8   0x00000010   Code   RO         3748    i.IRQ017_Handler    hc32_ll_interrupts.o
    0x00002ae8   0x00002ae8   0x00000010   Code   RO         3749    i.IRQ018_Handler    hc32_ll_interrupts.o
    0x00002af8   0x00002af8   0x00000010   Code   RO         3750    i.IRQ019_Handler    hc32_ll_interrupts.o
    0x00002b08   0x00002b08   0x00000010   Code   RO         3751    i.IRQ020_Handler    hc32_ll_interrupts.o
    0x00002b18   0x00002b18   0x00000010   Code   RO         3752    i.IRQ021_Handler    hc32_ll_interrupts.o
    0x00002b28   0x00002b28   0x00000010   Code   RO         3753    i.IRQ022_Handler    hc32_ll_interrupts.o
    0x00002b38   0x00002b38   0x00000010   Code   RO         3754    i.IRQ023_Handler    hc32_ll_interrupts.o
    0x00002b48   0x00002b48   0x00000010   Code   RO         3755    i.IRQ024_Handler    hc32_ll_interrupts.o
    0x00002b58   0x00002b58   0x00000010   Code   RO         3756    i.IRQ025_Handler    hc32_ll_interrupts.o
    0x00002b68   0x00002b68   0x00000010   Code   RO         3757    i.IRQ026_Handler    hc32_ll_interrupts.o
    0x00002b78   0x00002b78   0x00000010   Code   RO         3758    i.IRQ027_Handler    hc32_ll_interrupts.o
    0x00002b88   0x00002b88   0x00000010   Code   RO         3759    i.IRQ028_Handler    hc32_ll_interrupts.o
    0x00002b98   0x00002b98   0x00000010   Code   RO         3760    i.IRQ029_Handler    hc32_ll_interrupts.o
    0x00002ba8   0x00002ba8   0x00000010   Code   RO         3761    i.IRQ030_Handler    hc32_ll_interrupts.o
    0x00002bb8   0x00002bb8   0x00000010   Code   RO         3762    i.IRQ031_Handler    hc32_ll_interrupts.o
    0x00002bc8   0x00002bc8   0x00000010   Code   RO         3763    i.IRQ032_Handler    hc32_ll_interrupts.o
    0x00002bd8   0x00002bd8   0x00000010   Code   RO         3764    i.IRQ033_Handler    hc32_ll_interrupts.o
    0x00002be8   0x00002be8   0x00000010   Code   RO         3765    i.IRQ034_Handler    hc32_ll_interrupts.o
    0x00002bf8   0x00002bf8   0x00000010   Code   RO         3766    i.IRQ035_Handler    hc32_ll_interrupts.o
    0x00002c08   0x00002c08   0x00000010   Code   RO         3767    i.IRQ036_Handler    hc32_ll_interrupts.o
    0x00002c18   0x00002c18   0x00000010   Code   RO         3768    i.IRQ037_Handler    hc32_ll_interrupts.o
    0x00002c28   0x00002c28   0x00000010   Code   RO         3769    i.IRQ038_Handler    hc32_ll_interrupts.o
    0x00002c38   0x00002c38   0x00000010   Code   RO         3770    i.IRQ039_Handler    hc32_ll_interrupts.o
    0x00002c48   0x00002c48   0x00000010   Code   RO         3771    i.IRQ040_Handler    hc32_ll_interrupts.o
    0x00002c58   0x00002c58   0x00000010   Code   RO         3772    i.IRQ041_Handler    hc32_ll_interrupts.o
    0x00002c68   0x00002c68   0x00000010   Code   RO         3773    i.IRQ042_Handler    hc32_ll_interrupts.o
    0x00002c78   0x00002c78   0x00000010   Code   RO         3774    i.IRQ043_Handler    hc32_ll_interrupts.o
    0x00002c88   0x00002c88   0x00000010   Code   RO         3775    i.IRQ044_Handler    hc32_ll_interrupts.o
    0x00002c98   0x00002c98   0x00000010   Code   RO         3776    i.IRQ045_Handler    hc32_ll_interrupts.o
    0x00002ca8   0x00002ca8   0x00000010   Code   RO         3777    i.IRQ046_Handler    hc32_ll_interrupts.o
    0x00002cb8   0x00002cb8   0x00000010   Code   RO         3778    i.IRQ047_Handler    hc32_ll_interrupts.o
    0x00002cc8   0x00002cc8   0x00000010   Code   RO         3779    i.IRQ048_Handler    hc32_ll_interrupts.o
    0x00002cd8   0x00002cd8   0x00000010   Code   RO         3780    i.IRQ049_Handler    hc32_ll_interrupts.o
    0x00002ce8   0x00002ce8   0x00000010   Code   RO         3781    i.IRQ050_Handler    hc32_ll_interrupts.o
    0x00002cf8   0x00002cf8   0x00000010   Code   RO         3782    i.IRQ051_Handler    hc32_ll_interrupts.o
    0x00002d08   0x00002d08   0x00000010   Code   RO         3783    i.IRQ052_Handler    hc32_ll_interrupts.o
    0x00002d18   0x00002d18   0x00000010   Code   RO         3784    i.IRQ053_Handler    hc32_ll_interrupts.o
    0x00002d28   0x00002d28   0x00000010   Code   RO         3785    i.IRQ054_Handler    hc32_ll_interrupts.o
    0x00002d38   0x00002d38   0x00000010   Code   RO         3786    i.IRQ055_Handler    hc32_ll_interrupts.o
    0x00002d48   0x00002d48   0x00000010   Code   RO         3787    i.IRQ056_Handler    hc32_ll_interrupts.o
    0x00002d58   0x00002d58   0x00000010   Code   RO         3788    i.IRQ057_Handler    hc32_ll_interrupts.o
    0x00002d68   0x00002d68   0x00000010   Code   RO         3789    i.IRQ058_Handler    hc32_ll_interrupts.o
    0x00002d78   0x00002d78   0x00000010   Code   RO         3790    i.IRQ059_Handler    hc32_ll_interrupts.o
    0x00002d88   0x00002d88   0x00000010   Code   RO         3791    i.IRQ060_Handler    hc32_ll_interrupts.o
    0x00002d98   0x00002d98   0x00000010   Code   RO         3792    i.IRQ061_Handler    hc32_ll_interrupts.o
    0x00002da8   0x00002da8   0x00000010   Code   RO         3793    i.IRQ062_Handler    hc32_ll_interrupts.o
    0x00002db8   0x00002db8   0x00000010   Code   RO         3794    i.IRQ063_Handler    hc32_ll_interrupts.o
    0x00002dc8   0x00002dc8   0x00000010   Code   RO         3795    i.IRQ064_Handler    hc32_ll_interrupts.o
    0x00002dd8   0x00002dd8   0x00000010   Code   RO         3796    i.IRQ065_Handler    hc32_ll_interrupts.o
    0x00002de8   0x00002de8   0x00000010   Code   RO         3797    i.IRQ066_Handler    hc32_ll_interrupts.o
    0x00002df8   0x00002df8   0x00000010   Code   RO         3798    i.IRQ067_Handler    hc32_ll_interrupts.o
    0x00002e08   0x00002e08   0x00000010   Code   RO         3799    i.IRQ068_Handler    hc32_ll_interrupts.o
    0x00002e18   0x00002e18   0x00000010   Code   RO         3800    i.IRQ069_Handler    hc32_ll_interrupts.o
    0x00002e28   0x00002e28   0x00000010   Code   RO         3801    i.IRQ070_Handler    hc32_ll_interrupts.o
    0x00002e38   0x00002e38   0x00000010   Code   RO         3802    i.IRQ071_Handler    hc32_ll_interrupts.o
    0x00002e48   0x00002e48   0x00000010   Code   RO         3803    i.IRQ072_Handler    hc32_ll_interrupts.o
    0x00002e58   0x00002e58   0x00000010   Code   RO         3804    i.IRQ073_Handler    hc32_ll_interrupts.o
    0x00002e68   0x00002e68   0x00000010   Code   RO         3805    i.IRQ074_Handler    hc32_ll_interrupts.o
    0x00002e78   0x00002e78   0x00000010   Code   RO         3806    i.IRQ075_Handler    hc32_ll_interrupts.o
    0x00002e88   0x00002e88   0x00000010   Code   RO         3807    i.IRQ076_Handler    hc32_ll_interrupts.o
    0x00002e98   0x00002e98   0x00000010   Code   RO         3808    i.IRQ077_Handler    hc32_ll_interrupts.o
    0x00002ea8   0x00002ea8   0x00000010   Code   RO         3809    i.IRQ078_Handler    hc32_ll_interrupts.o
    0x00002eb8   0x00002eb8   0x00000010   Code   RO         3810    i.IRQ079_Handler    hc32_ll_interrupts.o
    0x00002ec8   0x00002ec8   0x00000010   Code   RO         3811    i.IRQ080_Handler    hc32_ll_interrupts.o
    0x00002ed8   0x00002ed8   0x00000010   Code   RO         3812    i.IRQ081_Handler    hc32_ll_interrupts.o
    0x00002ee8   0x00002ee8   0x00000010   Code   RO         3813    i.IRQ082_Handler    hc32_ll_interrupts.o
    0x00002ef8   0x00002ef8   0x00000010   Code   RO         3814    i.IRQ083_Handler    hc32_ll_interrupts.o
    0x00002f08   0x00002f08   0x00000010   Code   RO         3815    i.IRQ084_Handler    hc32_ll_interrupts.o
    0x00002f18   0x00002f18   0x00000010   Code   RO         3816    i.IRQ085_Handler    hc32_ll_interrupts.o
    0x00002f28   0x00002f28   0x00000010   Code   RO         3817    i.IRQ086_Handler    hc32_ll_interrupts.o
    0x00002f38   0x00002f38   0x00000010   Code   RO         3818    i.IRQ087_Handler    hc32_ll_interrupts.o
    0x00002f48   0x00002f48   0x00000010   Code   RO         3819    i.IRQ088_Handler    hc32_ll_interrupts.o
    0x00002f58   0x00002f58   0x00000010   Code   RO         3820    i.IRQ089_Handler    hc32_ll_interrupts.o
    0x00002f68   0x00002f68   0x00000010   Code   RO         3821    i.IRQ090_Handler    hc32_ll_interrupts.o
    0x00002f78   0x00002f78   0x00000010   Code   RO         3822    i.IRQ091_Handler    hc32_ll_interrupts.o
    0x00002f88   0x00002f88   0x00000010   Code   RO         3823    i.IRQ092_Handler    hc32_ll_interrupts.o
    0x00002f98   0x00002f98   0x00000010   Code   RO         3824    i.IRQ093_Handler    hc32_ll_interrupts.o
    0x00002fa8   0x00002fa8   0x00000010   Code   RO         3825    i.IRQ094_Handler    hc32_ll_interrupts.o
    0x00002fb8   0x00002fb8   0x00000010   Code   RO         3826    i.IRQ095_Handler    hc32_ll_interrupts.o
    0x00002fc8   0x00002fc8   0x00000010   Code   RO         3827    i.IRQ096_Handler    hc32_ll_interrupts.o
    0x00002fd8   0x00002fd8   0x00000010   Code   RO         3828    i.IRQ097_Handler    hc32_ll_interrupts.o
    0x00002fe8   0x00002fe8   0x00000010   Code   RO         3829    i.IRQ098_Handler    hc32_ll_interrupts.o
    0x00002ff8   0x00002ff8   0x00000010   Code   RO         3830    i.IRQ099_Handler    hc32_ll_interrupts.o
    0x00003008   0x00003008   0x00000010   Code   RO         3831    i.IRQ100_Handler    hc32_ll_interrupts.o
    0x00003018   0x00003018   0x00000010   Code   RO         3832    i.IRQ101_Handler    hc32_ll_interrupts.o
    0x00003028   0x00003028   0x00000010   Code   RO         3833    i.IRQ102_Handler    hc32_ll_interrupts.o
    0x00003038   0x00003038   0x00000010   Code   RO         3834    i.IRQ103_Handler    hc32_ll_interrupts.o
    0x00003048   0x00003048   0x00000010   Code   RO         3835    i.IRQ104_Handler    hc32_ll_interrupts.o
    0x00003058   0x00003058   0x00000010   Code   RO         3836    i.IRQ105_Handler    hc32_ll_interrupts.o
    0x00003068   0x00003068   0x00000010   Code   RO         3837    i.IRQ106_Handler    hc32_ll_interrupts.o
    0x00003078   0x00003078   0x00000010   Code   RO         3838    i.IRQ107_Handler    hc32_ll_interrupts.o
    0x00003088   0x00003088   0x00000010   Code   RO         3839    i.IRQ108_Handler    hc32_ll_interrupts.o
    0x00003098   0x00003098   0x00000010   Code   RO         3840    i.IRQ109_Handler    hc32_ll_interrupts.o
    0x000030a8   0x000030a8   0x00000010   Code   RO         3841    i.IRQ110_Handler    hc32_ll_interrupts.o
    0x000030b8   0x000030b8   0x00000010   Code   RO         3842    i.IRQ111_Handler    hc32_ll_interrupts.o
    0x000030c8   0x000030c8   0x00000010   Code   RO         3843    i.IRQ112_Handler    hc32_ll_interrupts.o
    0x000030d8   0x000030d8   0x00000010   Code   RO         3844    i.IRQ113_Handler    hc32_ll_interrupts.o
    0x000030e8   0x000030e8   0x00000010   Code   RO         3845    i.IRQ114_Handler    hc32_ll_interrupts.o
    0x000030f8   0x000030f8   0x00000010   Code   RO         3846    i.IRQ115_Handler    hc32_ll_interrupts.o
    0x00003108   0x00003108   0x00000010   Code   RO         3847    i.IRQ116_Handler    hc32_ll_interrupts.o
    0x00003118   0x00003118   0x00000010   Code   RO         3848    i.IRQ117_Handler    hc32_ll_interrupts.o
    0x00003128   0x00003128   0x00000010   Code   RO         3849    i.IRQ118_Handler    hc32_ll_interrupts.o
    0x00003138   0x00003138   0x00000010   Code   RO         3850    i.IRQ119_Handler    hc32_ll_interrupts.o
    0x00003148   0x00003148   0x00000010   Code   RO         3851    i.IRQ120_Handler    hc32_ll_interrupts.o
    0x00003158   0x00003158   0x00000010   Code   RO         3852    i.IRQ121_Handler    hc32_ll_interrupts.o
    0x00003168   0x00003168   0x00000010   Code   RO         3853    i.IRQ122_Handler    hc32_ll_interrupts.o
    0x00003178   0x00003178   0x00000010   Code   RO         3854    i.IRQ123_Handler    hc32_ll_interrupts.o
    0x00003188   0x00003188   0x00000010   Code   RO         3855    i.IRQ124_Handler    hc32_ll_interrupts.o
    0x00003198   0x00003198   0x00000010   Code   RO         3856    i.IRQ125_Handler    hc32_ll_interrupts.o
    0x000031a8   0x000031a8   0x00000010   Code   RO         3857    i.IRQ126_Handler    hc32_ll_interrupts.o
    0x000031b8   0x000031b8   0x00000010   Code   RO         3858    i.IRQ127_Handler    hc32_ll_interrupts.o
    0x000031c8   0x000031c8   0x0000002c   Code   RO         8177    i.Io_Init           led.o
    0x000031f4   0x000031f4   0x00000020   Code   RO         8178    i.Io_SetP           led.o
    0x00003214   0x00003214   0x0000000e   Code   RO         8179    i.Io_Start          led.o
    0x00003222   0x00003222   0x00000002   PAD
    0x00003224   0x00003224   0x00000090   Code   RO          285    i.LL_PERIPH_WE      hc32_ll.o
    0x000032b4   0x000032b4   0x00000088   Code   RO          286    i.LL_PERIPH_WP      hc32_ll.o
    0x0000333c   0x0000333c   0x0000001c   Code   RO          287    i.PWC_REG_Lock      hc32_ll.o
    0x00003358   0x00003358   0x00000018   Code   RO          288    i.PWC_REG_Unlock    hc32_ll.o
    0x00003370   0x00003370   0x000000dc   Code   RO         6126    i.SRAM_SetWaitCycle  hc32_ll_sram.o
    0x0000344c   0x0000344c   0x00000324   Code   RO          922    i.SetSysClockDiv    hc32_ll_clk.o
    0x00003770   0x00003770   0x000000fc   Code   RO          923    i.SetSysClockSrc    hc32_ll_clk.o
    0x0000386c   0x0000386c   0x00000054   Code   RO         6621    i.SmartCard_CalculateDiv  hc32_ll_usart.o
    0x000038c0   0x000038c0   0x000001f4   Code   RO         6622    i.SmartCard_CalculateDivFraction  hc32_ll_usart.o
    0x00003ab4   0x00003ab4   0x0000014c   Code   RO         6623    i.SmartCard_CalculateDivInteger  hc32_ll_usart.o
    0x00003c00   0x00003c00   0x00000034   Code   RO        10474    i.SysTick_Handler   port.o
    0x00003c34   0x00003c34   0x000000c8   Code   RO           14    i.SystemCoreClockUpdate  system_hc32f4a0.o
    0x00003cfc   0x00003cfc   0x00000020   Code   RO           15    i.SystemInit        system_hc32f4a0.o
    0x00003d1c   0x00003d1c   0x0000009c   Code   RO         6210    i.TMR0_HWClearCondCmd  hc32_ll_tmr0.o
    0x00003db8   0x00003db8   0x0000009c   Code   RO         6211    i.TMR0_HWStartCondCmd  hc32_ll_tmr0.o
    0x00003e54   0x00003e54   0x00000144   Code   RO         6213    i.TMR0_Init         hc32_ll_tmr0.o
    0x00003f98   0x00003f98   0x00000070   Code   RO         6221    i.TMR0_Stop         hc32_ll_tmr0.o
    0x00004008   0x00004008   0x00000020   Code   RO         7259    i.U10_TX_DMA_TC_IrqCallback  bsp_uart.o
    0x00004028   0x00004028   0x00000020   Code   RO         7260    i.U1_TC_IrqCallback  bsp_uart.o
    0x00004048   0x00004048   0x0000002c   Code   RO         7261    i.U1_TX_DMA_TC_IrqCallback  bsp_uart.o
    0x00004074   0x00004074   0x00000054   Code   RO         6624    i.UART_CalculateDiv  hc32_ll_usart.o
    0x000040c8   0x000040c8   0x000001dc   Code   RO         6625    i.UART_CalculateDivFraction  hc32_ll_usart.o
    0x000042a4   0x000042a4   0x00000180   Code   RO         6626    i.UART_CalculateDivInteger  hc32_ll_usart.o
    0x00004424   0x00004424   0x00000024   Code   RO         7262    i.USART1_RxError_IrqCallback  bsp_uart.o
    0x00004448   0x00004448   0x0000003c   Code   RO         7263    i.USART1_RxFull_IrqCallback  bsp_uart.o
    0x00004484   0x00004484   0x00000088   Code   RO         7264    i.USART1_RxTimeOut_IrqCallback  bsp_uart.o
    0x0000450c   0x0000450c   0x00000108   Code   RO         6627    i.USART_ClearStatus  hc32_ll_usart.o
    0x00004614   0x00004614   0x0000018c   Code   RO         6635    i.USART_FuncCmd     hc32_ll_usart.o
    0x000047a0   0x000047a0   0x0000001c   Code   RO         6636    i.USART_GetBusClockFreq  hc32_ll_usart.o
    0x000047bc   0x000047bc   0x000000c8   Code   RO         6640    i.USART_GetStatus   hc32_ll_usart.o
    0x00004884   0x00004884   0x000000b8   Code   RO         6641    i.USART_GetUsartClockFreq  hc32_ll_usart.o
    0x0000493c   0x0000493c   0x0000009c   Code   RO         6657    i.USART_ReadData    hc32_ll_usart.o
    0x000049d8   0x000049d8   0x00000148   Code   RO         6658    i.USART_SetBaudrate  hc32_ll_usart.o
    0x00004b20   0x00004b20   0x00000234   Code   RO         6675    i.USART_UART_Init   hc32_ll_usart.o
    0x00004d54   0x00004d54   0x000000b8   Code   RO         6680    i.USART_WriteData   hc32_ll_usart.o
    0x00004e0c   0x00004e0c   0x000000b2   Code   RO         7265    i.Usart_ObjInit     bsp_uart.o
    0x00004ebe   0x00004ebe   0x00000034   Code   RO         7266    i.Usart_Send_DMA    bsp_uart.o
    0x00004ef2   0x00004ef2   0x00000082   Code   RO         7267    i.Usart_Send_Pending  bsp_uart.o
    0x00004f74   0x00004f74   0x00000042   Code   RO         7268    i.Usr_com_putchar   bsp_uart.o
    0x00004fb6   0x00004fb6   0x00000004   Code   RO         7269    i._sys_exit         bsp_uart.o
    0x00004fba   0x00004fba   0x00000002   PAD
    0x00004fbc   0x00004fbc   0x00000078   Code   RO        13212    i.main              main.o
    0x00005034   0x00005034   0x000000c0   Code   RO         9880    i.prvAddCurrentTaskToDelayedList  tasks.o
    0x000050f4   0x000050f4   0x000000ec   Code   RO         9881    i.prvAddNewTaskToReadyList  tasks.o
    0x000051e0   0x000051e0   0x00000064   Code   RO        10244    i.prvCheckForValidListAndQueue  timers.o
    0x00005244   0x00005244   0x00000048   Code   RO         9882    i.prvCheckTasksWaitingTermination  tasks.o
    0x0000528c   0x0000528c   0x0000002a   Code   RO         9509    i.prvCopyDataFromQueue  queue.o
    0x000052b6   0x000052b6   0x0000007e   Code   RO         9510    i.prvCopyDataToQueue  queue.o
    0x00005334   0x00005334   0x00000012   Code   RO         9883    i.prvDeleteTCB      tasks.o
    0x00005346   0x00005346   0x00000002   PAD
    0x00005348   0x00005348   0x00000028   Code   RO        10245    i.prvGetNextExpireTime  timers.o
    0x00005370   0x00005370   0x0000007c   Code   RO        10418    i.prvHeapInit       heap_4.o
    0x000053ec   0x000053ec   0x00000028   Code   RO         9884    i.prvIdleTask       tasks.o
    0x00005414   0x00005414   0x0000002a   Code   RO         9513    i.prvInitialiseNewQueue  queue.o
    0x0000543e   0x0000543e   0x000000e0   Code   RO         9885    i.prvInitialiseNewTask  tasks.o
    0x0000551e   0x0000551e   0x00000002   PAD
    0x00005520   0x00005520   0x00000068   Code   RO         9886    i.prvInitialiseTaskLists  tasks.o
    0x00005588   0x00005588   0x00000068   Code   RO        10419    i.prvInsertBlockIntoFreeList  heap_4.o
    0x000055f0   0x000055f0   0x00000058   Code   RO        10247    i.prvInsertTimerInActiveList  timers.o
    0x00005648   0x00005648   0x0000001a   Code   RO         9514    i.prvIsQueueEmpty   queue.o
    0x00005662   0x00005662   0x00000002   PAD
    0x00005664   0x00005664   0x00000044   Code   RO        10248    i.prvProcessExpiredTimer  timers.o
    0x000056a8   0x000056a8   0x0000014c   Code   RO        10249    i.prvProcessReceivedCommands  timers.o
    0x000057f4   0x000057f4   0x00000074   Code   RO        10250    i.prvProcessTimerOrBlockTask  timers.o
    0x00005868   0x00005868   0x00000028   Code   RO        10251    i.prvReloadTimer    timers.o
    0x00005890   0x00005890   0x00000030   Code   RO         9888    i.prvResetNextTaskUnblockTime  tasks.o
    0x000058c0   0x000058c0   0x0000002c   Code   RO        10252    i.prvSampleTimeNow  timers.o
    0x000058ec   0x000058ec   0x00000044   Code   RO        10253    i.prvSwitchTimerLists  timers.o
    0x00005930   0x00005930   0x00000040   Code   RO        10475    i.prvTaskExitError  port.o
    0x00005970   0x00005970   0x0000001e   Code   RO         9356    i.prvTestWaitCondition  event_groups.o
    0x0000598e   0x0000598e   0x0000001a   Code   RO        10254    i.prvTimerTask      timers.o
    0x000059a8   0x000059a8   0x0000007e   Code   RO         9516    i.prvUnlockQueue    queue.o
    0x00005a26   0x00005a26   0x00000002   PAD
    0x00005a28   0x00005a28   0x0000016c   Code   RO        10420    i.pvPortMalloc      heap_4.o
    0x00005b94   0x00005b94   0x0000002c   Code   RO        10476    i.pxPortInitialiseStack  port.o
    0x00005bc0   0x00005bc0   0x0000000c   Code   RO         7272    i.usart_Init        bsp_uart.o
    0x00005bcc   0x00005bcc   0x00000038   Code   RO         7273    i.usart_Send        bsp_uart.o
    0x00005c04   0x00005c04   0x00000028   Code   RO         9469    i.uxListRemove      list.o
    0x00005c2c   0x00005c2c   0x0000001c   Code   RO         9899    i.uxTaskResetEventItemValue  tasks.o
    0x00005c48   0x00005c48   0x00000010   Code   RO         9360    i.vEventGroupSetBitsCallback  event_groups.o
    0x00005c58   0x00005c58   0x0000001a   Code   RO         9470    i.vListInitialise   list.o
    0x00005c72   0x00005c72   0x00000006   Code   RO         9471    i.vListInitialiseItem  list.o
    0x00005c78   0x00005c78   0x00000034   Code   RO         9472    i.vListInsert       list.o
    0x00005cac   0x00005cac   0x00000054   Code   RO        10478    i.vPortEnterCritical  port.o
    0x00005d00   0x00005d00   0x0000003c   Code   RO        10479    i.vPortExitCritical  port.o
    0x00005d3c   0x00005d3c   0x000000a4   Code   RO        10421    i.vPortFree         heap_4.o
    0x00005de0   0x00005de0   0x00000018   Code   RO        10480    i.vPortSetupTimerInterrupt  port.o
    0x00005df8   0x00005df8   0x00000078   Code   RO        10481    i.vPortValidateInterruptPriority  port.o
    0x00005e70   0x00005e70   0x00000060   Code   RO         9522    i.vQueueAddToRegistry  queue.o
    0x00005ed0   0x00005ed0   0x0000004a   Code   RO         9526    i.vQueueWaitForMessageRestricted  queue.o
    0x00005f1a   0x00005f1a   0x00000002   PAD
    0x00005f1c   0x00005f1c   0x0000005c   Code   RO         9900    i.vTaskDelay        tasks.o
    0x00005f78   0x00005f78   0x00000018   Code   RO         9905    i.vTaskInternalSetTimeOutState  tasks.o
    0x00005f90   0x00005f90   0x0000000c   Code   RO        13136    i.vTaskLED          task_led.o
    0x00005f9c   0x00005f9c   0x0000000c   Code   RO         9906    i.vTaskMissedYield  tasks.o
    0x00005fa8   0x00005fa8   0x00000038   Code   RO         9907    i.vTaskPlaceOnEventList  tasks.o
    0x00005fe0   0x00005fe0   0x00000064   Code   RO         9908    i.vTaskPlaceOnEventListRestricted  tasks.o
    0x00006044   0x00006044   0x00000090   Code   RO         9909    i.vTaskPlaceOnUnorderedEventList  tasks.o
    0x000060d4   0x000060d4   0x00000110   Code   RO         9912    i.vTaskRemoveFromUnorderedEventList  tasks.o
    0x000061e4   0x000061e4   0x0000009c   Code   RO         9916    i.vTaskStartScheduler  tasks.o
    0x00006280   0x00006280   0x00000010   Code   RO         9918    i.vTaskSuspendAll   tasks.o
    0x00006290   0x00006290   0x0000008c   Code   RO         9919    i.vTaskSwitchContext  tasks.o
    0x0000631c   0x0000631c   0x00000054   Code   RO        13175    i.vTaskUart1        task_remote.o
    0x00006370   0x00006370   0x0000001a   Code   RO         9364    i.xEventGroupCreate  event_groups.o
    0x0000638a   0x0000638a   0x000000ce   Code   RO         9366    i.xEventGroupSetBits  event_groups.o
    0x00006458   0x00006458   0x00000024   Code   RO         9367    i.xEventGroupSetBitsFromISR  event_groups.o
    0x0000647c   0x0000647c   0x00000158   Code   RO         9369    i.xEventGroupWaitBits  event_groups.o
    0x000065d4   0x000065d4   0x00000168   Code   RO        10482    i.xPortStartScheduler  port.o
    0x0000673c   0x0000673c   0x00000066   Code   RO         9529    i.xQueueGenericCreate  queue.o
    0x000067a2   0x000067a2   0x00000002   PAD
    0x000067a4   0x000067a4   0x000000dc   Code   RO         9530    i.xQueueGenericReset  queue.o
    0x00006880   0x00006880   0x00000120   Code   RO         9532    i.xQueueGenericSendFromISR  queue.o
    0x000069a0   0x000069a0   0x00000168   Code   RO         9539    i.xQueueReceive     queue.o
    0x00006b08   0x00006b08   0x00000090   Code   RO         9921    i.xTaskCheckForTimeOut  tasks.o
    0x00006b98   0x00006b98   0x00000060   Code   RO         9922    i.xTaskCreate       tasks.o
    0x00006bf8   0x00006bf8   0x00000020   Code   RO         9929    i.xTaskGetSchedulerState  tasks.o
    0x00006c18   0x00006c18   0x0000000c   Code   RO         9930    i.xTaskGetTickCount  tasks.o
    0x00006c24   0x00006c24   0x000001bc   Code   RO         9932    i.xTaskIncrementTick  tasks.o
    0x00006de0   0x00006de0   0x000000f0   Code   RO         9933    i.xTaskPriorityDisinherit  tasks.o
    0x00006ed0   0x00006ed0   0x00000120   Code   RO         9935    i.xTaskRemoveFromEventList  tasks.o
    0x00006ff0   0x00006ff0   0x00000178   Code   RO         9936    i.xTaskResumeAll    tasks.o
    0x00007168   0x00007168   0x00000058   Code   RO        10262    i.xTimerCreateTimerTask  timers.o
    0x000071c0   0x000071c0   0x00000034   Code   RO        10269    i.xTimerPendFunctionCallFromISR  timers.o
    0x000071f4   0x000071f4   0x00000012   Code   RO         7151    i.xs_GpioGetBit     bsp_gpio.o
    0x00007206   0x00007206   0x00000010   Code   RO         7152    i.xs_GpioInit       bsp_gpio.o
    0x00007216   0x00007216   0x00000020   Code   RO         7153    i.xs_GpioOutput     bsp_gpio.o
    0x00007236   0x00007236   0x0000000e   Code   RO         7156    i.xs_GpioToggle     bsp_gpio.o
    0x00007244   0x00007244   0x00000062   Code   RO        13443    x$fpl$d2f           fz_wm.l(d2f.o)
    0x000072a6   0x000072a6   0x00000002   PAD
    0x000072a8   0x000072a8   0x000002b0   Code   RO        13446    x$fpl$ddiv          fz_wm.l(ddiv.o)
    0x00007558   0x00007558   0x00000026   Code   RO        13449    x$fpl$dfltu         fz_wm.l(dflt_clz.o)
    0x0000757e   0x0000757e   0x00000002   PAD
    0x00007580   0x00007580   0x0000008a   Code   RO        13456    x$fpl$dfltull       fz_wm.l(dfltll_clz.o)
    0x0000760a   0x0000760a   0x0000009c   Code   RO        13607    x$fpl$dnaninf       fz_wm.l(dnaninf.o)
    0x000076a6   0x000076a6   0x0000000c   Code   RO        13609    x$fpl$dretinf       fz_wm.l(dretinf.o)
    0x000076b2   0x000076b2   0x0000000a   Code   RO        13678    x$fpl$fpinit        fz_wm.l(fpinit.o)
    0x000076bc   0x000076bc   0x0000000a   Code   RO        13611    x$fpl$fretinf       fz_wm.l(fretinf.o)
    0x000076c6   0x000076c6   0x00000000   Code   RO        13621    x$fpl$usenofp       fz_wm.l(usenofp.o)
    0x000076c6   0x000076c6   0x00000002   PAD
    0x000076c8   0x000076c8   0x00000020   Data   RO         6682    .constdata          hc32_ll_usart.o
    0x000076e8   0x000076e8   0x00000008   Data   RO        13176    .constdata          task_remote.o
    0x000076f0   0x000076f0   0x00000038   Data   RO        13177    .conststring        task_remote.o
    0x00007728   0x00007728   0x000000b1   Data   RO        13214    .conststring        main.o
    0x000077d9   0x000077d9   0x00000003   PAD
    0x000077dc   0x000077dc   0x00000020   Data   RO        13811    Region$$Table       anon$$obj.o


    Execution Region RW_IRAM1 (Exec base: 0x1ffe0000, Load base: 0x000077fc, Size: 0x00017708, Max: 0x00080000, ABSOLUTE, COMPRESSED[0x000000c0])

    Exec Addr    Load Addr    Size         Type   Attr      Idx    E Section Name        Object

    0x1ffe0000   COMPRESSED   0x00000008   Data   RW           16    .data               system_hc32f4a0.o
    0x1ffe0008   COMPRESSED   0x00000560   Data   RW         7274    .data               bsp_uart.o
    0x1ffe0568   COMPRESSED   0x00000054   Data   RW         8180    .data               led.o
    0x1ffe05bc   COMPRESSED   0x00000040   Data   RW         9939    .data               tasks.o
    0x1ffe05fc   COMPRESSED   0x00000014   Data   RW        10271    .data               timers.o
    0x1ffe0610   COMPRESSED   0x00000020   Data   RW        10427    .data               heap_4.o
    0x1ffe0630   COMPRESSED   0x0000000c   Data   RW        10483    .data               port.o
    0x1ffe063c   COMPRESSED   0x00000060   Data   RW        13215    .data               main.o
    0x1ffe069c        -       0x00000200   Zero   RW         3864    .bss                hc32_ll_interrupts.o
    0x1ffe089c        -       0x00000040   Zero   RW         9543    .bss                queue.o
    0x1ffe08dc        -       0x000001a4   Zero   RW         9938    .bss                tasks.o
    0x1ffe0a80        -       0x00000028   Zero   RW        10270    .bss                timers.o
    0x1ffe0aa8        -       0x00012c00   Zero   RW        10426    .bss                heap_4.o
    0x1fff36a8        -       0x00000060   Zero   RW        13625    .bss                c_w.l(libspace.o)
    0x1fff3708        -       0x00002000   Zero   RW            2    HEAP                startup_hc32f4a0.o
    0x1fff5708        -       0x00002000   Zero   RW            1    STACK               startup_hc32f4a0.o


==============================================================================

Image component sizes


      Code (inc. data)   RO Data    RW Data    ZI Data      Debug   Object Name

      1100         74          0          0          0       3075   bsp_dma.o
        80          0          0          0          0       3294   bsp_gpio.o
       140         16          0          0          0       3331   bsp_timer0.o
      1034         84          0       1376          0      30729   bsp_uart.o
         0          0          0          0          0       9420   dhcp.o
         0          0          0          0          0       2435   ethernetif.o
       658         12          0          0          0      21568   event_groups.o
       332         64          0          0          0      38086   hc32_ll.o
       336         38          0          0          0        805   hc32_ll_aos.o
      3044        418          0          0          0      29946   hc32_ll_clk.o
      1502        410          0          0          0      17196   hc32_ll_dma.o
       140         38          0          0          0        695   hc32_ll_efm.o
       384        118          0          0          0       1975   hc32_ll_fcg.o
      1440        258          0          0          0      12958   hc32_ll_gpio.o
         0          0         96          0          0        710   hc32_ll_icg.o
      2260        620          0          0        512     106316   hc32_ll_interrupts.o
       220         38          0          0          0        804   hc32_ll_sram.o
       748        166          0          0          0       6240   hc32_ll_tmr0.o
      4996       1058         32          0          0      26343   hc32_ll_usart.o
        54          0          0          0          0       1590   hc32_ll_utility.o
       756         74          0         32      76800       4559   heap_4.o
         0          0          0          0          0       1176   ip.o
        90         16          0         84          0       2712   led.o
       124          0          0          0          0       2973   list.o
       476         86        177         96          0      13041   main.o
       998         92          0         12          0      11365   port.o
      1502         16          0          0         64      14542   queue.o
        64         26        640          0      16384        860   startup_hc32f4a0.o
       246         44          0          8          0     533138   system_hc32f4a0.o
         0          0          0          0          0      26764   systick.o
        12          0          0          0          0        511   task_led.o
        84         12         64          0          0        693   task_remote.o
      3606        394          0         64        420      31389   tasks.o
      1062        116          0         20         40      24828   timers.o

    ----------------------------------------------------------------------
     27514       4288       1044       1692      94220     986067   Object Totals
         0          0         32          0          0          0   (incl. Generated)
        26          0          3          0          0          0   (incl. Padding)

    ----------------------------------------------------------------------

      Code (inc. data)   RO Data    RW Data    ZI Data      Debug   Library Member Name

        58          0          0          0          0          0   __dczerorl.o
         8          0          0          0          0         68   __main.o
         0          0          0          0          0          0   __rtentry.o
        12          0          0          0          0          0   __rtentry2.o
         6          0          0          0          0          0   __rtentry4.o
        52          8          0          0          0          0   __scatter.o
        28          0          0          0          0          0   __scatter_zi.o
        16          0          0          0          0         68   aeabi_memset.o
        18          0          0          0          0         80   exit.o
         6          0          0          0          0        152   heapauxi.o
         2          0          0          0          0          0   libinit.o
         6          0          0          0          0          0   libinit2.o
         2          0          0          0          0          0   libshutdown.o
         2          0          0          0          0          0   libshutdown2.o
         8          4          0          0         96         68   libspace.o
       238          0          0          0          0        100   lludivv7m.o
        68          0          0          0          0         68   rt_memclr.o
        78          0          0          0          0         80   rt_memclr_w.o
       138          0          0          0          0         68   rt_memcpy_v6.o
       100          0          0          0          0         80   rt_memcpy_w.o
         2          0          0          0          0          0   rtexit.o
        10          0          0          0          0          0   rtexit2.o
        62          0          0          0          0         76   strlen.o
        74          0          0          0          0         80   sys_stackheap_outer.o
         2          0          0          0          0         68   use_no_semi.o
         2          0          0          0          0         68   use_no_semi_2.o
        98          4          0          0          0        140   d2f.o
       688        140          0          0          0        256   ddiv.o
        38          0          0          0          0        116   dflt_clz.o
       138          0          0          0          0        132   dfltll_clz.o
       156          4          0          0          0        140   dnaninf.o
        12          0          0          0          0        116   dretinf.o
        10          0          0          0          0        116   fpinit.o
        10          0          0          0          0        116   fretinf.o
         0          0          0          0          0          0   usenofp.o

    ----------------------------------------------------------------------
      2158        160          0          0         96       2256   Library Totals
        10          0          0          0          0          0   (incl. Padding)

    ----------------------------------------------------------------------

      Code (inc. data)   RO Data    RW Data    ZI Data      Debug   Library Name

       998         12          0          0         96       1124   c_w.l
      1150        148          0          0          0       1132   fz_wm.l

    ----------------------------------------------------------------------
      2158        160          0          0         96       2256   Library Totals

    ----------------------------------------------------------------------

==============================================================================


      Code (inc. data)   RO Data    RW Data    ZI Data      Debug   

     29672       4448       1044       1692      94316     957103   Grand Totals
     29672       4448       1044        192      94316     957103   ELF Image Totals (compressed)
     29672       4448       1044        192          0          0   ROM Totals

==============================================================================

    Total RO  Size (Code + RO Data)                30716 (  30.00kB)
    Total RW  Size (RW Data + ZI Data)             96008 (  93.76kB)
    Total ROM Size (Code + RO Data + RW Data)      30908 (  30.18kB)

==============================================================================

